BEGIN ice 1 1 19748 39 0x1.4p+4
ROW 0 0x0p+0 0x0p+0 0x0p+0 0x0p+0 0x0p+0 0x0p+0 0x0p+0 0x0p+0 0x0p+0 0x0p+0 0x1.3dd8cp+9 0x1.3dd8cp+9 0x1.703738p-4 0x1.703738p-4 0x1p+0 0x1p+0
ROW 1 0x0p+0 0x0p+0 0x0p+0 0x0p+0 0x0p+0 0x0p+0 0x0p+0 0x0p+0 0x0p+0 0x0p+0 0x1.3d1ep+9 0x1.3d1ep+9 0x1.9a68b6p-4 0x1.9a68b6p-4 0x1p+0 0x1p+0
ROW 2 0x1.ecp-143 0x0p+0 0x0p+0 0x0p+0 0x1.ecp-143 0x0p+0 0x0p+0 0x0p+0 0x0p+0 0x0p+0 0x1.3cd78p+9 0x1.3cd78p+9 0x1.c8c786p-4 0x1.c8c786p-4 0x1p+0 0x1p+0
ROW 3 0x0p+0 0x0p+0 0x0p+0 0x0p+0 0x0p+0 0x0p+0 0x0p+0 0x0p+0 0x0p+0 0x0p+0 0x1.3d064p+9 0x1.3d064p+9 0x1.fba752p-4 0x1.fba752p-4 0x1p+0 0x1p+0
ROW 4 0x1.72a8dp-88 0x1.da458ap-97 0x1.0d6346p-89 0x0p+0 0x1.d7ee5ap-89 0x0p+0 0x0p+0 0x0p+0 0x0p+0 0x0p+0 0x1.3dabp+9 0x1.3dabp+9 0x1.19b046p-3 0x1.19b046p-3 0x1p+0 0x1p+0
ROW 5 0x1.a98f88p-68 0x1.1e9bbep-76 0x1.25cdfap-69 0x1.e4817p-90 0x1.16a894p-68 0x0p+0 0x0p+0 0x0p+0 0x0p+0 0x0p+0 0x1.3ec4p+9 0x1.3ec4p+9 0x1.382984p-3 0x1.382984p-3 0x1p+0 0x1p+0
ROW 6 0x0p+0 0x0p+0 0x0p+0 0x1.08354cp-69 0x1.08354cp-69 0x0p+0 0x0p+0 0x0p+0 0x0p+0 0x0p+0 0x1.40514p+9 0x1.40514p+9 0x1.5972dep-3 0x1.5972dep-3 0x1p+0 0x1p+0
ROW 7 0x1.e46d26p-43 0x1.1ab55p-43 0x1.e46d26p-43 0x0p+0 0x0p+0 0x0p+0 0x0p+0 0x0p+0 0x0p+0 0x0p+0 0x1.41d2cp+9 0x1.41d2cp+9 0x1.7e58d6p-3 0x1.7e58d6p-3 0x1p+0 0x1p+0
ROW 8 0x1.7e8326p-44 0x1.d52336p-45 0x1.7e8326p-44 0x1.b3a152p-43 0x1.b3a152p-43 0x0p+0 0x0p+0 0x0p+0 0x0p+0 0x0p+0 0x1.441d2p+9 0x1.441d2p+9 0x1.a62b8cp-3 0x1.a62b8cp-3 0x1p+0 0x1p+0
ROW 9 0x1.41d4cap-46 0x1.9e452cp-47 0x1.41d4cap-46 0x1.57fb7cp-44 0x1.57fb7cp-44 0x0p+0 0x0p+0 0x0p+0 0x0p+0 0x0p+0 0x1.47312p+9 0x1.47312p+9 0x1.d10a9cp-3 0x1.d10a9cp-3 0x1p+0 0x1p+0
ROW 10 0x1.549c06p-48 0x1.cb899ap-49 0x1.549c06p-48 0x1.216a68p-46 0x1.216a68p-46 0x0p+0 0x0p+0 0x0p+0 0x0p+0 0x0p+0 0x1.4b328p+9 0x1.4b328p+9 0x1.fedfbp-3 0x1.fedfbp-3 0x1p+0 0x1p+0
ROW 11 0x1.32f36cp-33 0x1.b10592p-34 0x1.32f36cp-33 0x1.324e26p-48 0x1.324e26p-48 0x0p+0 0x0p+0 0x0p+0 0x0p+0 0x0p+0 0x1.50d78p+9 0x1.50d78p+9 0x1.1748ccp-2 0x1.1748ccp-2 0x1p+0 0x1p+0
ROW 12 0x1.14e6c2p-33 0x1.97e226p-34 0x1.14e6c2p-33 0x1.140aap-33 0x1.140aap-33 0x0p+0 0x0p+0 0x0p+0 0x0p+0 0x0p+0 0x1.57874p+9 0x1.57874p+9 0x1.308318p-2 0x1.308318p-2 0x1p+0 0x1p+0
ROW 13 0x1.963444p-57 0x1.8e62aep-65 0x1.811858p-59 0x1.f20e16p-34 0x1.f20e18p-34 0x0p+0 0x0p+0 0x0p+0 0x0p+0 0x0p+0 0x1.5f5dap+9 0x1.5f5dap+9 0x1.4b0b38p-2 0x1.4b0b38p-2 0x1p+0 0x1p+0
ROW 14 0x0p+0 0x0p+0 0x0p+0 0x1.5a5794p-59 0x1.5a5794p-59 0x0p+0 0x0p+0 0x0p+0 0x0p+0 0x0p+0 0x1.67f9ep+9 0x1.67f9ep+9 0x1.6747ep-2 0x1.6747ep-2 0x1p+0 0x1p+0
ROW 15 0x1.608b28p-23 0x1.25b114p-23 0x1.608b28p-23 0x0p+0 0x0p+0 0x0p+0 0x0p+0 0x0p+0 0x0p+0 0x0p+0 0x1.7120ap+9 0x1.7120ap+9 0x1.85c0acp-2 0x1.85c0acp-2 0x1p+0 0x1p+0
ROW 16 0x1.4df506p-21 0x1.21dc5p-21 0x1.4df506p-21 0x1.3ce186p-23 0x1.3ce186p-23 0x0p+0 0x0p+0 0x0p+0 0x0p+0 0x0p+0 0x1.7a2fep+9 0x1.7a2fep+9 0x1.a73aap-2 0x1.a73aap-2 0x1p+0 0x1p+0
ROW 17 0x1.d5d914p-22 0x1.a90aep-22 0x1.d5d914p-22 0x1.2c3526p-21 0x1.2c3526p-21 0x0p+0 0x0p+0 0x0p+0 0x0p+0 0x0p+0 0x1.8317cp+9 0x1.8317cp+9 0x1.cbfa16p-2 0x1.cbfa16p-2 0x1p+0 0x1p+0
ROW 18 0x1.030538p-30 0x1.e89342p-31 0x1.030538p-30 0x1.a67008p-22 0x1.a67008p-22 0x0p+0 0x0p+0 0x0p+0 0x0p+0 0x0p+0 0x1.8bdb7p+9 0x1.8bdb7p+9 0x1.f445f8p-2 0x1.f445f8p-2 0x1p+0 0x1p+0
ROW 19 0x1.1e806ep-28 0x1.19af32p-28 0x1.1e806ep-28 0x1.d1e33p-31 0x1.d1e33p-31 0x0p+0 0x0p+0 0x0p+0 0x0p+0 0x0p+0 0x1.94a83p+9 0x1.94a83p+9 0x1.1016e8p-1 0x1.1016e8p-1 0x1p+0 0x1p+0
ROW 20 0x1.19d594p-31 0x1.20cf14p-31 0x1.19d594p-31 0x1.01ba5p-28 0x1.01ba5p-28 0x0p+0 0x0p+0 0x0p+0 0x0p+0 0x0p+0 0x1.9d9bfp+9 0x1.9d9bfp+9 0x1.27eb92p-1 0x1.27eb92p-1 0x1p+0 0x1p+0
ROW 21 0x1.561848p-96 0x1.d21b26p-104 0x1.d08fc4p-99 0x1.15c0c2p-31 0x1.15c0c2p-31 0x0p+0 0x0p+0 0x0p+0 0x0p+0 0x0p+0 0x1.82d1dp+9 0x1.82d1dp+9 0x1.41105ap-1 0x1.41105ap-1 0x1p+0 0x1p+0
ROW 22 0x1.deca3p-70 0x1.53089ep-77 0x1.38826ep-72 0x1.d1de3cp-99 0x1.90a994p-70 0x0p+0 0x0p+0 0x0p+0 0x0p+0 0x0p+0 0x1.64bd3p+9 0x1.64bd3p+9 0x1.5b28f2p-1 0x1.5b28f2p-1 0x1p+0 0x1p+0
ROW 23 0x1.3c0e14p-79 0x1.cfa5aap-87 0x1.8dff08p-82 0x1.3c10d8p-72 0x1.3e2574p-72 0x0p+0 0x0p+0 0x0p+0 0x0p+0 0x0p+0 0x1.487a9p+9 0x1.487a9p+9 0x1.74c9p-1 0x1.74c9p-1 0x1p+0 0x1p+0
ROW 24 0x1p-146 0x0p+0 0x0p+0 0x1.957f8ep-82 0x1.957f8ep-82 0x0p+0 0x0p+0 0x0p+0 0x0p+0 0x0p+0 0x1.2f2efp+9 0x1.2f2efp+9 0x1.8c6a58p-1 0x1.8c6a58p-1 0x1p+0 0x1p+0
ROW 25 0x1p-149 0x0p+0 0x0p+0 0x0p+0 0x1p-149 0x0p+0 0x0p+0 0x0p+0 0x0p+0 0x0p+0 0x1.17b758p+9 0x1.17b758p+9 0x1.a2fbap-1 0x1.a2fbap-1 0x1p+0 0x1p+0
ROW 26 0x0p+0 0x0p+0 0x0p+0 0x0p+0 0x0p+0 0x0p+0 0x0p+0 0x0p+0 0x0p+0 0x0p+0 0x1.016818p+9 0x1.016818p+9 0x1.b8bee8p-1 0x1.b8bee8p-1 0x1p+0 0x1p+0
ROW 27 0x0p+0 0x0p+0 0x0p+0 0x0p+0 0x0p+0 0x0p+0 0x0p+0 0x0p+0 0x0p+0 0x0p+0 0x1.d2211p+8 0x1.d2211p+8 0x1.ccd3aep-1 0x1.ccd3aep-1 0x1p+0 0x1p+0
ROW 28 0x0p+0 0x0p+0 0x0p+0 0x0p+0 0x0p+0 0x0p+0 0x0p+0 0x0p+0 0x0p+0 0x0p+0 0x1.9d245p+8 0x1.9d245p+8 0x1.df59d4p-1 0x1.df59d4p-1 0x1p+0 0x1p+0
ROW 29 0x0p+0 0x0p+0 0x0p+0 0x0p+0 0x0p+0 0x0p+0 0x0p+0 0x0p+0 0x0p+0 0x0p+0 0x1.66767p+8 0x1.66767p+8 0x1.f0ad5ap-1 0x1.f0ad5ap-1 0x1p+0 0x1p+0
ROW 30 0x0p+0 0x0p+0 0x0p+0 0x0p+0 0x0p+0 0x0p+0 0x0p+0 0x0p+0 0x0p+0 0x0p+0 0x1.30c52p+8 0x1.30c52p+8 0x1.0058p+0 0x1.0058p+0 0x1p+0 0x1p+0
ROW 31 0x0p+0 0x0p+0 0x0p+0 0x0p+0 0x0p+0 0x0p+0 0x0p+0 0x0p+0 0x0p+0 0x0p+0 0x1.fdc7c8p+7 0x1.fdc7c8p+7 0x1.06bfap+0 0x1.06bfap+0 0x1p+0 0x1p+0
ROW 32 0x0p+0 0x0p+0 0x0p+0 0x0p+0 0x0p+0 0x0p+0 0x0p+0 0x0p+0 0x0p+0 0x0p+0 0x1.a499e8p+7 0x1.a499e8p+7 0x1.0b377ap+0 0x1.0b377ap+0 0x1p+0 0x1p+0
ROW 33 0x0p+0 0x0p+0 0x0p+0 0x0p+0 0x0p+0 0x0p+0 0x0p+0 0x0p+0 0x0p+0 0x0p+0 0x1.566cbp+7 0x1.566cbp+7 0x1.0ecbdap+0 0x1.0ecbdap+0 0x1p+0 0x1p+0
ROW 34 0x0p+0 0x0p+0 0x0p+0 0x0p+0 0x0p+0 0x0p+0 0x0p+0 0x0p+0 0x0p+0 0x0p+0 0x1.13154p+7 0x1.13154p+7 0x1.127376p+0 0x1.127376p+0 0x1p+0 0x1p+0
ROW 35 0x0p+0 0x0p+0 0x0p+0 0x0p+0 0x0p+0 0x0p+0 0x0p+0 0x0p+0 0x0p+0 0x0p+0 0x1.b6c4fp+6 0x1.b6c4fp+6 0x1.151298p+0 0x1.151298p+0 0x1p+0 0x1p+0
ROW 36 0x0p+0 0x0p+0 0x0p+0 0x0p+0 0x0p+0 0x0p+0 0x0p+0 0x0p+0 0x0p+0 0x0p+0 0x1.5af9cap+6 0x1.5af9cap+6 0x1.174e8ap+0 0x1.174e8ap+0 0x1p+0 0x1p+0
ROW 37 0x0p+0 0x0p+0 0x0p+0 0x0p+0 0x0p+0 0x0p+0 0x0p+0 0x0p+0 0x0p+0 0x0p+0 0x1.10c2a6p+6 0x1.10c2a6p+6 0x1.190e6cp+0 0x1.190e6cp+0 0x1p+0 0x1p+0
ROW 38 0x0p+0 0x0p+0 0x0p+0 0x0p+0 0x0p+0 0x0p+0 0x0p+0 0x0p+0 0x0p+0 0x0p+0 0x1.ab674p+5 0x1.ab674p+5 0x1.1a1bbep+0 0x1.1a1bbep+0 0x1p+0 0x1p+0
END ice
BEGIN ice 2 1 19748 39 0x1.4p+4
ROW 0 0x0p+0 0x0p+0 0x0p+0 0x0p+0 0x0p+0 0x0p+0 0x0p+0 0x0p+0 0x0p+0 0x0p+0 0x1.447d8p+9 0x1.447d8p+9 0x1.68ad3p-4 0x1.68ad3p-4 0x1p+0 0x1p+0
ROW 1 0x0p+0 0x0p+0 0x0p+0 0x0p+0 0x0p+0 0x0p+0 0x0p+0 0x0p+0 0x0p+0 0x0p+0 0x1.446bp+9 0x1.446bp+9 0x1.912b88p-4 0x1.912b88p-4 0x1p+0 0x1p+0
ROW 2 0x0p+0 0x0p+0 0x0p+0 0x0p+0 0x0p+0 0x0p+0 0x0p+0 0x0p+0 0x0p+0 0x0p+0 0x1.44a5cp+9 0x1.44a5cp+9 0x1.bdcba2p-4 0x1.bdcba2p-4 0x1p+0 0x1p+0
ROW 3 0x0p+0 0x0p+0 0x0p+0 0x0p+0 0x0p+0 0x0p+0 0x0p+0 0x0p+0 0x0p+0 0x0p+0 0x1.4529cp+9 0x1.4529cp+9 0x1.eef1d6p-4 0x1.eef1d6p-4 0x1p+0 0x1p+0
ROW 4 0x0p+0 0x0p+0 0x0p+0 0x0p+0 0x0p+0 0x0p+0 0x0p+0 0x0p+0 0x0p+0 0x0p+0 0x1.45f38p+9 0x1.45f38p+9 0x1.12877cp-3 0x1.12877cp-3 0x1p+0 0x1p+0
ROW 5 0x0p+0 0x0p+0 0x0p+0 0x0p+0 0x0p+0 0x0p+0 0x0p+0 0x0p+0 0x0p+0 0x0p+0 0x1.47044p+9 0x1.47044p+9 0x1.304926p-3 0x1.304926p-3 0x1p+0 0x1p+0
ROW 6 0x1.dp-141 0x1p-149 0x1.e8p-143 0x0p+0 0x1.56p-141 0x0p+0 0x0p+0 0x0p+0 0x0p+0 0x0p+0 0x1.48698p+9 0x1.48698p+9 0x1.50eefap-3 0x1.50eefap-3 0x1p+0 0x1p+0
ROW 7 0x1.0254p-134 0x1.7cp-143 0x1.4618p-136 0x1.b8p-143 0x1.6354p-135 0x0p+0 0x0p+0 0x0p+0 0x0p+0 0x0p+0 0x1.49fb4p+9 0x1.49fb4p+9 0x1.74e57cp-3 0x1.74e57cp-3 0x1p+0 0x1p+0
ROW 8 0x1.c3c67p-77 0x1.5d878cp-85 0x1.0f829cp-78 0x1.254p-136 0x1.3c0522p-77 0x0p+0 0x0p+0 0x0p+0 0x0p+0 0x0p+0 0x1.4c27cp+9 0x1.4c27cp+9 0x1.9bf3f8p-3 0x1.9bf3f8p-3 0x1p+0 0x1p+0
ROW 9 0x1.01b852p-57 0x1.a2c5ccp-66 0x1.26fcbcp-59 0x1.e851ccp-79 0x1.6ff256p-58 0x0p+0 0x0p+0 0x0p+0 0x0p+0 0x0p+0 0x1.4ef26p+9 0x1.4ef26p+9 0x1.c64812p-3 0x1.c64812p-3 0x1p+0 0x1p+0
ROW 10 0x1.a3759ap-53 0x1.659298p-61 0x1.c9953ap-55 0x1.0945cp-59 0x1.353564p-53 0x0p+0 0x0p+0 0x0p+0 0x0p+0 0x0p+0 0x1.5253ep+9 0x1.5253ep+9 0x1.f41ecap-3 0x1.f41ecap-3 0x1p+0 0x1p+0
ROW 11 0x1.dab182p-49 0x1.4c0d38p-49 0x1.dab182p-49 0x1.9b7f18p-55 0x1.9b7f18p-55 0x0p+0 0x0p+0 0x0p+0 0x0p+0 0x0p+0 0x1.5685ap+9 0x1.5685ap+9 0x1.12a94p-2 0x1.12a94p-2 0x1p+0 0x1p+0
ROW 12 0x1.b6223ep-40 0x1.40e6aep-40 0x1.b6223ep-40 0x1.aae3e6p-49 0x1.aae3e6p-49 0x0p+0 0x0p+0 0x0p+0 0x0p+0 0x0p+0 0x1.5b65cp+9 0x1.5b65cp+9 0x1.2d21a2p-2 0x1.2d21a2p-2 0x1p+0 0x1p+0
ROW 13 0x1.2f17f6p-22 0x1.d067e4p-23 0x1.2f17f6p-22 0x1.8a0668p-40 0x1.8a0668p-40 0x0p+0 0x0p+0 0x0p+0 0x0p+0 0x0p+0 0x1.610b2p+9 0x1.610b2p+9 0x1.497c7ep-2 0x1.497c7ep-2 0x1p+0 0x1p+0
ROW 14 0x1.e05e8cp-21 0x1.808fa8p-21 0x1.e05e8cp-21 0x1.10ae7cp-22 0x1.10ae7cp-22 0x0p+0 0x0p+0 0x0p+0 0x0p+0 0x0p+0 0x1.6755ep+9 0x1.6755ep+9 0x1.67d22ap-2 0x1.67d22ap-2 0x1p+0 0x1p+0
ROW 15 0x1.86b7eep-18 0x1.46954cp-18 0x1.86b7eep-18 0x1.b3d904p-21 0x1.b3d904p-21 0x0p+0 0x0p+0 0x0p+0 0x0p+0 0x0p+0 0x1.6b394p+9 0x1.6b394p+9 0x1.8854cep-2 0x1.8854cep-2 0x1p+0 0x1p+0
ROW 16 0x1.33f842p-16 0x1.0c77bep-16 0x1.33f842p-16 0x1.6403f4p-18 0x1.6403f4p-18 0x0p+0 0x0p+0 0x0p+0 0x0p+0 0x0p+0 0x1.6e60ep+9 0x1.6e60ep+9 0x1.aadddep-2 0x1.aadddep-2 0x1p+0 0x1p+0
ROW 17 0x1.eddc22p-17 0x1.c000c4p-17 0x1.eddc22p-17 0x1.18ceb4p-16 0x1.18ceb4p-16 0x0p+0 0x0p+0 0x0p+0 0x0p+0 0x0p+0 0x1.72e98p+9 0x1.72e98p+9 0x1.ce6f54p-2 0x1.ce6f54p-2 0x1p+0 0x1p+0
ROW 18 0x1.6d7742p-21 0x1.58b98ep-21 0x1.6d7742p-21 0x1.c2794cp-17 0x1.c2794cp-17 0x0p+0 0x0p+0 0x0p+0 0x0p+0 0x0p+0 0x1.77f89p+9 0x1.77f89p+9 0x1.f426cp-2 0x1.f426cp-2 0x1p+0 0x1p+0
ROW 19 0x1.aa6584p-25 0x1.a2fca2p-25 0x1.aa6584p-25 0x1.4d4c1ep-21 0x1.4d4c1ep-21 0x0p+0 0x0p+0 0x0p+0 0x0p+0 0x0p+0 0x1.7bde1p+9 0x1.7bde1p+9 0x1.0f6636p-1 0x1.0f6636p-1 0x1p+0 0x1p+0
ROW 20 0x1.1165fap-33 0x1.186566p-33 0x1.1165fap-33 0x1.84928ep-25 0x1.84928ep-25 0x0p+0 0x0p+0 0x0p+0 0x0p+0 0x0p+0 0x1.7ed22p+9 0x1.7ed22p+9 0x1.27851ep-1 0x1.27851ep-1 0x1p+0 0x1p+0
ROW 21 0x1.7d55cep-30 0x1.96c2dep-30 0x1.7d55cep-30 0x1.10bc06p-33 0x1.10bc06p-33 0x0p+0 0x0p+0 0x0p+0 0x0p+0 0x0p+0 0x1.62b6dp+9 0x1.62b6dp+9 0x1.3fb66ep-1 0x1.3fb66ep-1 0x1p+0 0x1p+0
ROW 22 0x1.267d76p-14 0x1.446538p-14 0x1.267d76p-14 0x1.82ee3ep-30 0x1.82ee3ep-30 0x0p+0 0x0p+0 0x0p+0 0x0p+0 0x0p+0 0x1.472fep+9 0x1.472fep+9 0x1.559936p-1 0x1.559936p-1 0x1p+0 0x1p+0
ROW 23 0x1.08fc48p-13 0x1.2c41ecp-13 0x1.08fc48p-13 0x1.2cd7bcp-14 0x1.2cd7bcp-14 0x0p+0 0x0p+0 0x0p+0 0x0p+0 0x0p+0 0x1.2ddd6p+9 0x1.2ddd6p+9 0x1.6a6f7ep-1 0x1.6a6f7ep-1 0x1p+0 0x1p+0
ROW 24 0x1.8dd86ap-32 0x1.cfbb0ep-32 0x1.8dd86ap-32 0x1.0fcd1p-13 0x1.0fcd1p-13 0x0p+0 0x0p+0 0x0p+0 0x0p+0 0x0p+0 0x1.15a97p+9 0x1.15a97p+9 0x1.8025bcp-1 0x1.8025bcp-1 0x1p+0 0x1p+0
ROW 25 0x1.a7e99ep-41 0x1.fba792p-41 0x1.a7e99ep-41 0x1.9991e2p-32 0x1.9991e2p-32 0x0p+0 0x0p+0 0x0p+0 0x0p+0 0x0p+0 0x1.fea34p+8 0x1.fea34p+8 0x1.95ce22p-1 0x1.95ce22p-1 0x1p+0 0x1p+0
ROW 26 0x1.d8c52p-54 0x1.723452p-61 0x1.1625bap-56 0x1.b645a8p-41 0x1.b65242p-41 0x0p+0 0x0p+0 0x0p+0 0x0p+0 0x0p+0 0x1.d6981p+8 0x1.d6981p+8 0x1.a9e8a4p-1 0x1.a9e8a4p-1 0x1p+0 0x1p+0
ROW 27 0x1.b382ecp-39 0x1.1088ap-38 0x1.b382ecp-39 0x1.250716p-56 0x1.250716p-56 0x0p+0 0x0p+0 0x0p+0 0x0p+0 0x0p+0 0x1.ac4a7p+8 0x1.ac4a7p+8 0x1.bc3658p-1 0x1.bc3658p-1 0x1p+0 0x1p+0
ROW 28 0x1.658b46p-38 0x1.c7465ap-38 0x1.658b46p-38 0x1.d63d68p-39 0x1.d63d68p-39 0x0p+0 0x0p+0 0x0p+0 0x0p+0 0x0p+0 0x1.7ebd9p+8 0x1.7ebd9p+8 0x1.cc5e2ap-1 0x1.cc5e2ap-1 0x1p+0 0x1p+0
ROW 29 0x1.4eaa0cp-40 0x1.b07ff4p-40 0x1.4eaa0cp-40 0x1.8bb776p-38 0x1.8bb776p-38 0x0p+0 0x0p+0 0x0p+0 0x0p+0 0x0p+0 0x1.4f59a8p+8 0x1.4f59a8p+8 0x1.dabd7ep-1 0x1.dabd7ep-1 0x1p+0 0x1p+0
ROW 30 0x1.6685bap-39 0x1.d62cdp-39 0x1.6685bap-39 0x1.7b324ep-40 0x1.7b324ep-40 0x0p+0 0x0p+0 0x0p+0 0x0p+0 0x0p+0 0x1.1f4298p+8 0x1.1f4298p+8 0x1.e92144p-1 0x1.e92144p-1 0x1p+0 0x1p+0
ROW 31 0x1.71cb46p-38 0x1.eb8e6ep-38 0x1.71cb46p-38 0x1.9f54p-39 0x1.9f54p-39 0x0p+0 0x0p+0 0x0p+0 0x0p+0 0x0p+0 0x1.e2972p+7 0x1.e2972p+7 0x1.f6a96ep-1 0x1.f6a96ep-1 0x1p+0 0x1p+0
ROW 32 0x1.d38b12p-39 0x1.3a2838p-38 0x1.d38b12p-39 0x1.b53a5ap-38 0x1.b53a5ap-38 0x0p+0 0x0p+0 0x0p+0 0x0p+0 0x0p+0 0x1.8f2a3p+7 0x1.8f2a3p+7 0x1.00feaap+0 0x1.00feaap+0 0x1p+0 0x1p+0
ROW 33 0x1.65f046p-40 0x1.e57864p-40 0x1.65f046p-40 0x1.194edep-38 0x1.194edep-38 0x0p+0 0x0p+0 0x0p+0 0x0p+0 0x0p+0 0x1.458ccp+7 0x1.458ccp+7 0x1.05dc16p+0 0x1.05dc16p+0 0x1p+0 0x1p+0
ROW 34 0x1.b8d71ap-53 0x1.81540ep-60 0x1.ce5bep-56 0x1.b52158p-40 0x1.b52d5p-40 0x0p+0 0x0p+0 0x0p+0 0x0p+0 0x0p+0 0x1.05bf48p+7 0x1.05bf48p+7 0x1.0aafdap+0 0x1.0aafdap+0 0x1p+0 0x1p+0
ROW 35 0x1.1cb478p-57 0x1.f48d38p-65 0x1.28e0fcp-60 0x1.1df264p-55 0x1.5bd87ap-55 0x0p+0 0x0p+0 0x0p+0 0x0p+0 0x0p+0 0x1.a2658p+6 0x1.a2658p+6 0x1.0dc47cp+0 0x1.0dc47cp+0 0x1p+0 0x1p+0
ROW 36 0x1.43d7cep-58 0x1.1e43c8p-65 0x1.4fd8p-61 0x1.72fc66p-60 0x1.769be8p-58 0x0p+0 0x0p+0 0x0p+0 0x0p+0 0x0p+0 0x1.4b254p+6 0x1.4b254p+6 0x1.10c28cp+0 0x1.10c28cp+0 0x1p+0 0x1p+0
ROW 37 0x1.d87188p-52 0x1.a372f2p-59 0x1.e7d792p-55 0x1.a73c1p-61 0x1.9c4a34p-52 0x0p+0 0x0p+0 0x0p+0 0x0p+0 0x0p+0 0x1.047fbp+6 0x1.047fbp+6 0x1.132338p+0 0x1.132338p+0 0x1p+0 0x1p+0
ROW 38 0x1.32a4e2p-52 0x1.112832p-59 0x1.3b97c8p-55 0x1.3577fp-54 0x1.588fe4p-52 0x0p+0 0x0p+0 0x0p+0 0x0p+0 0x0p+0 0x1.97ed8p+5 0x1.97ed8p+5 0x1.14f8b6p+0 0x1.14f8b6p+0 0x1p+0 0x1p+0
END ice
BEGIN ice 3 1 19748 39 0x1.4p+4
ROW 0 0x0p+0 0x0p+0 0x0p+0 0x0p+0 0x0p+0 0x0p+0 0x0p+0 0x0p+0 0x0p+0 0x0p+0 0x1.3ddb4p+9 0x1.3ddb4p+9 0x1.7034ap-4 0x1.7034ap-4 0x1p+0 0x1p+0
ROW 1 0x0p+0 0x0p+0 0x0p+0 0x0p+0 0x0p+0 0x0p+0 0x0p+0 0x0p+0 0x0p+0 0x0p+0 0x1.3d244p+9 0x1.3d244p+9 0x1.9a6044p-4 0x1.9a6044p-4 0x1p+0 0x1p+0
ROW 2 0x0p+0 0x0p+0 0x0p+0 0x0p+0 0x0p+0 0x0p+0 0x0p+0 0x0p+0 0x0p+0 0x0p+0 0x1.3cdc4p+9 0x1.3cdc4p+9 0x1.c8c0c2p-4 0x1.c8c0c2p-4 0x1p+0 0x1p+0
ROW 3 0x0p+0 0x0p+0 0x0p+0 0x0p+0 0x0p+0 0x0p+0 0x0p+0 0x0p+0 0x0p+0 0x0p+0 0x1.3d03p+9 0x1.3d03p+9 0x1.fbac34p-4 0x1.fbac34p-4 0x1p+0 0x1p+0
ROW 4 0x0p+0 0x0p+0 0x0p+0 0x0p+0 0x0p+0 0x0p+0 0x0p+0 0x0p+0 0x0p+0 0x0p+0 0x1.3d9bcp+9 0x1.3d9bcp+9 0x1.19bdd6p-3 0x1.19bdd6p-3 0x1p+0 0x1p+0
ROW 5 0x1p-149 0x0p+0 0x0p+0 0x0p+0 0x1p-149 0x0p+0 0x0p+0 0x0p+0 0x0p+0 0x0p+0 0x1.3ea74p+9 0x1.3ea74p+9 0x1.3845ep-3 0x1.3845ep-3 0x1p+0 0x1p+0
ROW 6 0x1.60128p-131 0x1.f3p-140 0x1.cep-133 0x0p+0 0x1.d925p-132 0x1.a4f2c8p-35 0x1.b9e85cp-43 0x1.14313ap-38 0x0p+0 0x1.826cap-35 0x1.4026cp+9 0x1.4026cp+9 0x1.59a0ap-3 0x1.59a0ap-3 0x1p+0 0x1p+0
ROW 7 0x1.2e8p-136 0x1.cp-145 0x1.76cp-138 0x1.9f76p-133 0x1.b99p-133 0x0p+0 0x0p+0 0x0p+0 0x1.12ed5ep-38 0x1.12ed5ep-38 0x1.419fep+9 0x1.419fep+9 0x1.7e952ep-3 0x1.7e952ep-3 0x1p+0 0x1p+0
ROW 8 0x1.25cf66p-82 0x1.cc6142p-91 0x1.5cbcb2p-84 0x1.51p-138 0x1.9d4074p-83 0x0p+0 0x0p+0 0x0p+0 0x0p+0 0x0p+0 0x1.43e78p+9 0x1.43e78p+9 0x1.a6717p-3 0x1.a6717p-3 0x1p+0 0x1p+0
ROW 9 0x1.2aedeep-66 0x1.eb98acp-75 0x1.5211f8p-68 0x1.399c0ep-84 0x1.acd37cp-67 0x0p+0 0x0p+0 0x0p+0 0x0p+0 0x0p+0 0x1.46feep+9 0x1.46feep+9 0x1.d151fp-3 0x1.d151fp-3 0x1p+0 0x1p+0
ROW 10 0x1.f4d57cp-70 0x1.af9b6p-78 0x1.0e379p-71 0x1.3004a8p-68 0x1.8b7314p-68 0x0p+0 0x0p+0 0x0p+0 0x0p+0 0x0p+0 0x1.4b094p+9 0x1.4b094p+9 0x1.ff1f8ep-3 0x1.ff1f8ep-3 0x1p+0 0x1p+0
ROW 11 0x1.35e0a2p-51 0x1.1735bap-59 0x1.3fcdaep-53 0x1.e60146p-72 0x1.cbda8ap-52 0x0p+0 0x0p+0 0x0p+0 0x0p+0 0x0p+0 0x1.50b9ap+9 0x1.50b9ap+9 0x1.1761a8p-2 0x1.1761a8p-2 0x1p+0 0x1p+0
ROW 12 0x1.107636p-29 0x1.42260ap-33 0x1.107636p-29 0x1.1f99bap-53 0x1.1f99bap-53 0x1.164c76p+8 0x1.149258p+4 0x1.164c76p+8 0x0p+0 0x0p+0 0x1.5775p+9 0x1.5775p+9 0x1.30932ep-2 0x1.30932ep-2 0x1p+0 0x1p+0
ROW 13 0x1.132d6ap-19 0x1.51e15p-23 0x1.132d6ap-19 0x1.ea1168p-30 0x1.ea1168p-30 0x1.35182p+18 0x1.257b06p+14 0x1.35182p+18 0x1.100b48p+8 0x1.100b48p+8 0x1.5f5a8p+9 0x1.5f5a8p+9 0x1.4b0e56p-2 0x1.4b0e56p-2 0x1p+0 0x1p+0
ROW 14 0x1.8ff92p-19 0x1.ff8714p-23 0x1.8ff92p-19 0x1.eef886p-20 0x1.eef886p-20 0x1.e7a6cp+18 0x1.bc695ep+14 0x1.e7a6cp+18 0x1.2daae4p+18 0x1.2daae4p+18 0x1.6800ep+9 0x1.6800ep+9 0x1.67412cp-2 0x1.67412cp-2 0x1p+0 0x1p+0
ROW 15 0x1.825c86p-20 0x1.014e28p-23 0x1.825c86p-20 0x1.67911cp-19 0x1.67911cp-19 0x1.feed26p+17 0x1.bf065ap+13 0x1.feed26p+17 0x1.db8ffep+18 0x1.db8ffep+18 0x1.7127ap+9 0x1.7127ap+9 0x1.85b814p-2 0x1.85b814p-2 0x1p+0 0x1p+0
ROW 16 0x1.a244ccp-22 0x1.52da58p-25 0x1.a244ccp-22 0x1.5b4868p-20 0x1.5b4868p-20 0x1.795f88p+15 0x1.71e00ep+11 0x1.795f88p+15 0x1.f2b2bap+17 0x1.f2b2bap+17 0x1.7a34ep+9 0x1.7a34ep+9 0x1.a7322cp-2 0x1.a7322cp-2 0x1p+0 0x1p+0
ROW 17 0x1.3c4c6ep-21 0x1.0fb762p-23 0x1.3c4c6ep-21 0x1.7800e8p-22 0x1.7800e8p-22 0x1.268868p+13 0x1.19a6c8p+10 0x1.268868p+13 0x1.70b3dep+15 0x1.70b3dep+15 0x1.8319cp+9 0x1.8319cp+9 0x1.cbf314p-2 0x1.cbf314p-2 0x1p+0 0x1p+0
ROW 18 0x1.a6b504p-22 0x1.20c2aep-23 0x1.a6b504p-22 0x1.1c62f8p-21 0x1.1c62f8p-21 0x1.e25f52p+10 0x1.514148p+8 0x1.e25f52p+10 0x1.2005f6p+13 0x1.2005f6p+13 0x1.8bd97p+9 0x1.8bd97p+9 0x1.f4417ep-2 0x1.f4417ep-2 0x1p+0 0x1p+0
ROW 19 0x1.05822cp-35 0x1.b4e7ecp-41 0x1.00eb9p-35 0x1.7c285ap-22 0x1.7c287ep-22 0x1.9242eap+8 0x1.3c29aap+2 0x1.8b3414p+6 0x1.d7e78ep+10 0x1.11e284p+11 0x1.94a15p+9 0x1.94a15p+9 0x1.101696p-1 0x1.101696p-1 0x1p+0 0x1p+0
ROW 20 0x1.62a0aep-41 0x1.29b486p-47 0x1.41ed96p-42 0x1.ce3d8p-36 0x1.d44adp-36 0x1.4af292p+6 0x1.e0b0b8p-2 0x1.2c6e74p+3 0x1.82a8bp+6 0x1.5406bap+7 0x1.9d926p+9 0x1.9d926p+9 0x1.27ec14p-1 0x1.27ec14p-1 0x1p+0 0x1p+0
ROW 21 0x1.95027cp-46 0x1.2ab3dap-50 0x1.95027cp-46 0x1.3d44e4p-42 0x1.3d44e4p-42 0x1.5524d2p-4 0x1.913b7ap-10 0x1.f58a58p-6 0x1.413bf8p+3 0x1.42eb7cp+3 0x1.82ca1p+9 0x1.82ca1p+9 0x1.410f24p-1 0x1.410f24p-1 0x1p+0 0x1p+0
ROW 22 0x1.2c6a9ep-113 0x1.a971eap-121 0x1.882cep-116 0x1.96273ep-46 0x1.96273ep-46 0x0p+0 0x0p+0 0x0p+0 0x1.0fe982p-5 0x1.0fe982p-5 0x1.64b72p+9 0x1.64b72p+9 0x1.5b2594p-1 0x1.5b2594p-1 0x1p+0 0x1p+0
ROW 23 0x1.073baep-80 0x1.8226p-88 0x1.4b7d0ep-83 0x1.8ca3f2p-116 0x1.bb9818p-81 0x0p+0 0x0p+0 0x0p+0 0x0p+0 0x0p+0 0x1.4875cp+9 0x1.4875cp+9 0x1.74c3fcp-1 0x1.74c3fcp-1 0x1p+0 0x1p+0
ROW 24 0x1.d146eap-125 0x1.5fdb8p-132 0x1.1c0cdp-127 0x1.51bce8p-83 0x1.51bce8p-83 0x0p+0 0x0p+0 0x0p+0 0x0p+0 0x0p+0 0x1.2f2b5p+9 0x1.2f2b5p+9 0x1.8c63a2p-1 0x1.8c63a2p-1 0x1p+0 0x1p+0
ROW 25 0x1.a08p-139 0x1.4p-146 0x1.e8p-142 0x1.234c14p-127 0x1.23624cp-127 0x0p+0 0x0p+0 0x0p+0 0x0p+0 0x0p+0 0x1.17b3ep+9 0x1.17b3ep+9 0x1.a2f4d8p-1 0x1.a2f4d8p-1 0x1p+0 0x1p+0
ROW 26 0x0p+0 0x0p+0 0x0p+0 0x1.f8p-142 0x1.f8p-142 0x0p+0 0x0p+0 0x0p+0 0x0p+0 0x0p+0 0x1.0165p+9 0x1.0165p+9 0x1.b8b74cp-1 0x1.b8b74cp-1 0x1p+0 0x1p+0
ROW 27 0x0p+0 0x0p+0 0x0p+0 0x0p+0 0x0p+0 0x0p+0 0x0p+0 0x0p+0 0x0p+0 0x0p+0 0x1.d21d9p+8 0x1.d21d9p+8 0x1.ccc8aap-1 0x1.ccc8aap-1 0x1p+0 0x1p+0
ROW 28 0x0p+0 0x0p+0 0x0p+0 0x0p+0 0x0p+0 0x0p+0 0x0p+0 0x0p+0 0x0p+0 0x0p+0 0x1.9d2448p+8 0x1.9d2448p+8 0x1.df4c34p-1 0x1.df4c34p-1 0x1p+0 0x1p+0
ROW 29 0x0p+0 0x0p+0 0x0p+0 0x0p+0 0x0p+0 0x0p+0 0x0p+0 0x0p+0 0x0p+0 0x0p+0 0x1.66784p+8 0x1.66784p+8 0x1.f09dc4p-1 0x1.f09dc4p-1 0x1p+0 0x1p+0
ROW 30 0x0p+0 0x0p+0 0x0p+0 0x0p+0 0x0p+0 0x0p+0 0x0p+0 0x0p+0 0x0p+0 0x0p+0 0x1.30c7p+8 0x1.30c7p+8 0x1.004fd4p+0 0x1.004fd4p+0 0x1p+0 0x1p+0
ROW 31 0x0p+0 0x0p+0 0x0p+0 0x0p+0 0x0p+0 0x0p+0 0x0p+0 0x0p+0 0x0p+0 0x0p+0 0x1.fdc758p+7 0x1.fdc758p+7 0x1.06b9aep+0 0x1.06b9aep+0 0x1p+0 0x1p+0
ROW 32 0x0p+0 0x0p+0 0x0p+0 0x0p+0 0x0p+0 0x0p+0 0x0p+0 0x0p+0 0x0p+0 0x0p+0 0x1.a4955p+7 0x1.a4955p+7 0x1.0b3466p+0 0x1.0b3466p+0 0x1p+0 0x1p+0
ROW 33 0x0p+0 0x0p+0 0x0p+0 0x0p+0 0x0p+0 0x0p+0 0x0p+0 0x0p+0 0x0p+0 0x0p+0 0x1.5668e4p+7 0x1.5668e4p+7 0x1.0ec97cp+0 0x1.0ec97cp+0 0x1p+0 0x1p+0
ROW 34 0x0p+0 0x0p+0 0x0p+0 0x0p+0 0x0p+0 0x0p+0 0x0p+0 0x0p+0 0x0p+0 0x0p+0 0x1.131408p+7 0x1.131408p+7 0x1.126f66p+0 0x1.126f66p+0 0x1p+0 0x1p+0
ROW 35 0x0p+0 0x0p+0 0x0p+0 0x0p+0 0x0p+0 0x0p+0 0x0p+0 0x0p+0 0x0p+0 0x0p+0 0x1.b6c304p+6 0x1.b6c304p+6 0x1.150eaap+0 0x1.150eaap+0 0x1p+0 0x1p+0
ROW 36 0x0p+0 0x0p+0 0x0p+0 0x0p+0 0x0p+0 0x0p+0 0x0p+0 0x0p+0 0x0p+0 0x0p+0 0x1.5afa4ap+6 0x1.5afa4ap+6 0x1.174798p+0 0x1.174798p+0 0x1p+0 0x1p+0
ROW 37 0x0p+0 0x0p+0 0x0p+0 0x0p+0 0x0p+0 0x0p+0 0x0p+0 0x0p+0 0x0p+0 0x0p+0 0x1.10c4d4p+6 0x1.10c4d4p+6 0x1.19064cp+0 0x1.19064cp+0 0x1p+0 0x1p+0
ROW 38 0x0p+0 0x0p+0 0x0p+0 0x0p+0 0x0p+0 0x0p+0 0x0p+0 0x0p+0 0x0p+0 0x0p+0 0x1.ab68aap+5 0x1.ab68aap+5 0x1.1a15b4p+0 0x1.1a15b4p+0 0x1p+0 0x1p+0
END ice
BEGIN ice 4 1 19748 39 0x1.4p+4
ROW 0 0x0p+0 0x0p+0 0x0p+0 0x0p+0 0x0p+0 0x0p+0 0x0p+0 0x0p+0 0x0p+0 0x0p+0 0x1.44634p+9 0x1.44634p+9 0x1.68caa6p-4 0x1.68caa6p-4 0x1p+0 0x1p+0
ROW 1 0x0p+0 0x0p+0 0x0p+0 0x0p+0 0x0p+0 0x0p+0 0x0p+0 0x0p+0 0x0p+0 0x0p+0 0x1.44354p+9 0x1.44354p+9 0x1.916e64p-4 0x1.916e64p-4 0x1p+0 0x1p+0
ROW 2 0x0p+0 0x0p+0 0x0p+0 0x0p+0 0x0p+0 0x0p+0 0x0p+0 0x0p+0 0x0p+0 0x0p+0 0x1.4474p+9 0x1.4474p+9 0x1.be0f6cp-4 0x1.be0f6cp-4 0x1p+0 0x1p+0
ROW 3 0x0p+0 0x0p+0 0x0p+0 0x0p+0 0x0p+0 0x0p+0 0x0p+0 0x0p+0 0x0p+0 0x0p+0 0x1.4519p+9 0x1.4519p+9 0x1.ef0b96p-4 0x1.ef0b96p-4 0x1p+0 0x1p+0
ROW 4 0x0p+0 0x0p+0 0x0p+0 0x0p+0 0x0p+0 0x0p+0 0x0p+0 0x0p+0 0x0p+0 0x0p+0 0x1.46158p+9 0x1.46158p+9 0x1.126ad2p-3 0x1.126ad2p-3 0x1p+0 0x1p+0
ROW 5 0x0p+0 0x0p+0 0x0p+0 0x0p+0 0x0p+0 0x0p+0 0x0p+0 0x0p+0 0x0p+0 0x0p+0 0x1.475ep+9 0x1.475ep+9 0x1.2ff5c4p-3 0x1.2ff5c4p-3 0x1p+0 0x1p+0
ROW 6 0x0p+0 0x0p+0 0x0p+0 0x0p+0 0x0p+0 0x0p+0 0x0p+0 0x0p+0 0x0p+0 0x0p+0 0x1.48f34p+9 0x1.48f34p+9 0x1.506208p-3 0x1.506208p-3 0x1p+0 0x1p+0
ROW 7 0x1.313224p-122 0x1.c0db8p-131 0x1.81f3ep-124 0x0p+0 0x1.a16a58p-123 0x0p+0 0x0p+0 0x0p+0 0x0p+0 0x0p+0 0x1.4aa36p+9 0x1.4aa36p+9 0x1.7427ccp-3 0x1.7427ccp-3 0x1p+0 0x1p+0
ROW 8 0x1.14e7c4p-95 0x1.ac08cep-104 0x1.4d2c2ep-97 0x1.5b1306p-124 0x1.83397p-96 0x0p+0 0x0p+0 0x0p+0 0x0p+0 0x0p+0 0x1.4cd5ep+9 0x1.4cd5ep+9 0x1.9b1c7cp-3 0x1.9b1c7cp-3 0x1p+0 0x1p+0
ROW 9 0x1.2ee3e4p-100 0x1.ebbda4p-109 0x1.5afdf4p-102 0x1.2b9c52p-97 0x1.46a0dep-97 0x0p+0 0x0p+0 0x0p+0 0x0p+0 0x0p+0 0x1.4f884p+9 0x1.4f884p+9 0x1.c57d2ep-3 0x1.c57d2ep-3 0x1p+0 0x1p+0
ROW 10 0x1.470b14p-79 0x1.169ee8p-87 0x1.64fc6cp-81 0x1.380a02p-102 0x1.db97f6p-80 0x0p+0 0x0p+0 0x0p+0 0x0p+0 0x0p+0 0x1.52bep+9 0x1.52bep+9 0x1.f381f8p-3 0x1.f381f8p-3 0x1p+0 0x1p+0
ROW 11 0x1.5fe2f2p-77 0x1.3a3f42p-85 0x1.6e6bc6p-79 0x1.41080ap-81 0x1.18588p-77 0x1.761acap-56 0x1.37a54p-64 0x1.858e9p-60 0x0p+0 0x1.5dc1ep-56 0x1.56cd8p+9 0x1.56cd8p+9 0x1.126f96p-2 0x1.126f96p-2 0x1p+0 0x1p+0
ROW 12 0x1.68cec6p-67 0x1.5168c4p-75 0x1.66c74ep-69 0x1.498546p-79 0x1.0f318ap-67 0x1.607dfcp-43 0x1.186864p-51 0x1.5e827cp-47 0x1.802918p-60 0x1.4a9694p-43 0x1.5b9e4p+9 0x1.5b9e4p+9 0x1.2cf0bep-2 0x1.2cf0bep-2 0x1p+0 0x1p+0
ROW 13 0x1.2aa08ap-40 0x1.c973b8p-41 0x1.2aa08ap-40 0x1.42a8acp-69 0x1.42a8acp-69 0x1.078658p-13 0x1.39cc4ep-14 0x1.078658p-13 0x1.58f4d4p-47 0x1.58f4d4p-47 0x1.6136ep+9 0x1.6136ep+9 0x1.4953bep-2 0x1.4953bep-2 0x1p+0 0x1p+0
ROW 14 0x1.48d158p-36 0x1.073334p-36 0x1.48d158p-36 0x1.0ca98p-40 0x1.0ca98p-40 0x1.2497f6p-21 0x1.4d596ep-22 0x1.2497f6p-21 0x1.02f66cp-13 0x1.02f66cp-13 0x1.676fep+9 0x1.676fep+9 0x1.67b896p-2 0x1.67b896p-2 0x1p+0 0x1p+0
ROW 15 0x1.9fc8f6p-19 0x1.2f23fcp-22 0x1.9fc8f6p-19 0x1.2a571ap-36 0x1.2a571ap-36 0x1.a9fb34p+18 0x1.956126p+14 0x1.a9fb34p+18 0x1.217cbep-21 0x1.217cbep-21 0x1.6b4b4p+9 0x1.6b4b4p+9 0x1.884288p-2 0x1.884288p-2 0x1p+0 0x1p+0
ROW 16 0x1.57c442p-18 0x1.f029aap-21 0x1.57c442p-18 0x1.7ada8p-19 0x1.7ada8p-19 0x1.c02ad8p+16 0x1.84065ep+13 0x1.c02ad8p+16 0x1.a64794p+18 0x1.a64794p+18 0x1.6e7a8p+9 0x1.6e7a8p+9 0x1.aac1e4p-2 0x1.aac1e4p-2 0x1p+0 0x1p+0
ROW 17 0x1.fa206ep-17 0x1.f637fp-18 0x1.fa206ep-17 0x1.397232p-18 0x1.397232p-18 0x1.358d5ep+14 0x1.544e86p+12 0x1.358d5ep+14 0x1.ba8316p+16 0x1.ba8316p+16 0x1.73298p+9 0x1.73298p+9 0x1.ce22p-2 0x1.ce22p-2 0x1p+0 0x1p+0
ROW 18 0x1.1293d4p-22 0x1.db24d6p-23 0x1.1293d4p-22 0x1.cda8a4p-17 0x1.cda8a4p-17 0x1.33d2b8p+6 0x1.10e2bcp+5 0x1.33d2b8p+6 0x1.3150eep+14 0x1.3150eep+14 0x1.784fdp+9 0x1.784fdp+9 0x1.f3b69p-2 0x1.f3b69p-2 0x1p+0 0x1p+0
ROW 19 0x1.1a3bd6p-21 0x1.1536e6p-21 0x1.1a3bd6p-21 0x1.f4d254p-23 0x1.f4d254p-23 0x1.3ec166p+6 0x1.27906ap+5 0x1.3ec166p+6 0x1.30af6ep+6 0x1.30af6ep+6 0x1.7c2ffp+9 0x1.7c2ffp+9 0x1.0f2d5p-1 0x1.0f2d5p-1 0x1p+0 0x1p+0
ROW 20 0x1.7ceabep-25 0x1.78c6a8p-25 0x1.7ceabep-25 0x1.01323ap-21 0x1.01323ap-21 0x1.b23d04p+3 0x1.74614ep+2 0x1.b23d04p+3 0x1.3c4c08p+6 0x1.3c4c08p+6 0x1.7f247p+9 0x1.7f247p+9 0x1.2747c8p-1 0x1.2747c8p-1 0x1p+0 0x1p+0
ROW 21 0x1.309bb4p-37 0x1.33257p-38 0x1.309bb4p-37 0x1.7bfcd4p-25 0x1.7bfcd4p-25 0x1.8ed38ep-6 0x1.425068p-8 0x1.8ed38ep-6 0x1.d493acp+3 0x1.d493acp+3 0x1.63109p+9 0x1.63109p+9 0x1.3f68e4p-1 0x1.3f68e4p-1 0x1p+0 0x1p+0
ROW 22 0x1.589036p-42 0x1.dab17ep-46 0x1.589036p-42 0x1.3512acp-37 0x1.3512acp-37 0x1.a0840ap-3 0x1.ae588ep-8 0x1.0cf758p-3 0x1.b0778ap-6 0x1.933746p-4 0x1.4771fp+9 0x1.4771fp+9 0x1.55592ep-1 0x1.55592ep-1 0x1p+0 0x1p+0
ROW 23 0x0p+0 0x0p+0 0x0p+0 0x1.600218p-42 0x1.600218p-42 0x1.27e9f4p-33 0x1.2e6be4p-42 0x1.7a06dcp-38 0x1.23dcaep-3 0x1.23dcaep-3 0x1.2dc2p+9 0x1.2dc2p+9 0x1.6a9262p-1 0x1.6a9262p-1 0x1p+0 0x1p+0
ROW 24 0x1.750586p-51 0x1.15ab7p-58 0x1.ce9282p-54 0x0p+0 0x1.3b3336p-51 0x1.042a3ep-18 0x1.021914p-27 0x1.429f58p-23 0x1.9ad56ap-38 0x1.f42abap-19 0x1.15a94p+9 0x1.15a94p+9 0x1.802cbcp-1 0x1.802cbcp-1 0x1p+0 0x1p+0
ROW 25 0x1.dp-145 0x0p+0 0x0p+0 0x1.dc3902p-54 0x1.dc3902p-54 0x0p+0 0x0p+0 0x0p+0 0x1.5ee074p-23 0x1.5ee074p-23 0x1.fe9aep+8 0x1.fe9aep+8 0x1.95d7e2p-1 0x1.95d7e2p-1 0x1p+0 0x1p+0
ROW 26 0x1.28236cp-119 0x1.cfa7ep-127 0x1.5c8cf6p-122 0x0p+0 0x1.f9239ap-120 0x0p+0 0x0p+0 0x0p+0 0x0p+0 0x0p+0 0x1.d6df4p+8 0x1.d6df4p+8 0x1.a9ad34p-1 0x1.a9ad34p-1 0x1p+0 0x1p+0
ROW 27 0x1.6050d4p-105 0x1.19819ap-112 0x1.95ccf2p-108 0x1.6f3224p-122 0x1.2d97eep-105 0x0p+0 0x0p+0 0x0p+0 0x0p+0 0x0p+0 0x1.ac8b4p+8 0x1.ac8b4p+8 0x1.bbf8c6p-1 0x1.bbf8c6p-1 0x1p+0 0x1p+0
ROW 28 0x1.288d86p-115 0x1.e278fcp-123 0x1.4f149ap-118 0x1.b62e54p-108 0x1.b82baap-108 0x0p+0 0x0p+0 0x0p+0 0x0p+0 0x0p+0 0x1.7e6a9p+8 0x1.7e6a9p+8 0x1.ccc238p-1 0x1.ccc238p-1 0x1p+0 0x1p+0
ROW 29 0x1.bd9e7cp-127 0x1.702ap-134 0x1.ef272p-130 0x1.72e482p-118 0x1.73a45ep-118 0x0p+0 0x0p+0 0x0p+0 0x0p+0 0x0p+0 0x1.4e8668p+8 0x1.4e8668p+8 0x1.dbdd02p-1 0x1.dbdd02p-1 0x1p+0 0x1p+0
ROW 30 0x1.ccp-143 0x1p-149 0x1.5p-145 0x1.18849p-129 0x1.188a7p-129 0x0p+0 0x0p+0 0x0p+0 0x0p+0 0x0p+0 0x1.1eb06p+8 0x1.1eb06p+8 0x1.ea0f32p-1 0x1.ea0f32p-1 0x1p+0 0x1p+0
ROW 31 0x0p+0 0x0p+0 0x0p+0 0x1.8p-145 0x1.8p-145 0x0p+0 0x0p+0 0x0p+0 0x0p+0 0x0p+0 0x1.e1e3ep+7 0x1.e1e3ep+7 0x1.f75952p-1 0x1.f75952p-1 0x1p+0 0x1p+0
ROW 32 0x0p+0 0x0p+0 0x0p+0 0x0p+0 0x0p+0 0x0p+0 0x0p+0 0x0p+0 0x0p+0 0x0p+0 0x1.8ea19p+7 0x1.8ea19p+7 0x1.015126p+0 0x1.015126p+0 0x1p+0 0x1p+0
ROW 33 0x0p+0 0x0p+0 0x0p+0 0x0p+0 0x0p+0 0x0p+0 0x0p+0 0x0p+0 0x0p+0 0x0p+0 0x1.45294p+7 0x1.45294p+7 0x1.0625acp+0 0x1.0625acp+0 0x1p+0 0x1p+0
ROW 34 0x0p+0 0x0p+0 0x0p+0 0x0p+0 0x0p+0 0x0p+0 0x0p+0 0x0p+0 0x0p+0 0x0p+0 0x1.05f12p+7 0x1.05f12p+7 0x1.0a80c2p+0 0x1.0a80c2p+0 0x1p+0 0x1p+0
ROW 35 0x0p+0 0x0p+0 0x0p+0 0x0p+0 0x0p+0 0x0p+0 0x0p+0 0x0p+0 0x0p+0 0x0p+0 0x1.a2623p+6 0x1.a2623p+6 0x1.0dc4ecp+0 0x1.0dc4ecp+0 0x1p+0 0x1p+0
ROW 36 0x0p+0 0x0p+0 0x0p+0 0x0p+0 0x0p+0 0x0p+0 0x0p+0 0x0p+0 0x0p+0 0x0p+0 0x1.4b44p+6 0x1.4b44p+6 0x1.10a972p+0 0x1.10a972p+0 0x1p+0 0x1p+0
ROW 37 0x0p+0 0x0p+0 0x0p+0 0x0p+0 0x0p+0 0x0p+0 0x0p+0 0x0p+0 0x0p+0 0x0p+0 0x1.04a52p+6 0x1.04a52p+6 0x1.12fd56p+0 0x1.12fd56p+0 0x1p+0 0x1p+0
ROW 38 0x0p+0 0x0p+0 0x0p+0 0x0p+0 0x0p+0 0x0p+0 0x0p+0 0x0p+0 0x0p+0 0x0p+0 0x1.9841ap+5 0x1.9841ap+5 0x1.14c134p+0 0x1.14c134p+0 0x1p+0 0x1p+0
END ice
