BEGIN ice 1 1 19748 39 0x1.4p+4
ROW 0 0x0p+0 0x0p+0 0x0p+0 0x0p+0 0x0p+0 0x0p+0 0x0p+0 0x0p+0 0x0p+0 0x0p+0 0x1.3dd8cp+9 0x1.3dd8cp+9 0x1.703738p-4 0x1.703738p-4 0x1p+0 0x1p+0
ROW 1 0x0p+0 0x0p+0 0x0p+0 0x0p+0 0x0p+0 0x0p+0 0x0p+0 0x0p+0 0x0p+0 0x0p+0 0x1.3d1ep+9 0x1.3d1ep+9 0x1.9a68b6p-4 0x1.9a68b6p-4 0x1p+0 0x1p+0
ROW 2 0x1.ecp-143 0x0p+0 0x0p+0 0x0p+0 0x1.ecp-143 0x0p+0 0x0p+0 0x0p+0 0x0p+0 0x0p+0 0x1.3cd78p+9 0x1.3cd78p+9 0x1.c8c786p-4 0x1.c8c786p-4 0x1p+0 0x1p+0
ROW 3 0x0p+0 0x0p+0 0x0p+0 0x0p+0 0x0p+0 0x0p+0 0x0p+0 0x0p+0 0x0p+0 0x0p+0 0x1.3d064p+9 0x1.3d064p+9 0x1.fba752p-4 0x1.fba752p-4 0x1p+0 0x1p+0
ROW 4 0x1.72a8dp-88 0x1.7e33e2p-106 0x1.b22f46p-99 0x0p+0 0x1.72728ap-88 0x0p+0 0x0p+0 0x0p+0 0x0p+0 0x0p+0 0x1.3dabp+9 0x1.3dabp+9 0x1.19b046p-3 0x1.19b046p-3 0x1p+0 0x1p+0
ROW 5 0x1.a98f88p-68 0x1.cc5962p-86 0x1.d7e86p-79 0x1.86733p-99 0x1.a9548ap-68 0x0p+0 0x0p+0 0x0p+0 0x0p+0 0x0p+0 0x1.3ec4p+9 0x1.3ec4p+9 0x1.382984p-3 0x1.382984p-3 0x1p+0 0x1p+0
ROW 6 0x0p+0 0x0p+0 0x0p+0 0x1.a85ebep-79 0x1.a85ebep-79 0x0p+0 0x0p+0 0x0p+0 0x0p+0 0x0p+0 0x1.40514p+9 0x1.40514p+9 0x1.5972dep-3 0x1.5972dep-3 0x1p+0 0x1p+0
ROW 7 0x1.e46d26p-43 0x1.c1c544p-53 0x1.786dep-46 0x0p+0 0x1.b55f6ap-43 0x0p+0 0x0p+0 0x0p+0 0x0p+0 0x0p+0 0x1.41d2cp+9 0x1.41d2cp+9 0x1.7e58d6p-3 0x1.7e58d6p-3 0x1p+0 0x1p+0
ROW 8 0x1.7e8326p-44 0x1.728be4p-54 0x1.18debp-47 0x1.5282f4p-46 0x1.b0080cp-44 0x0p+0 0x0p+0 0x0p+0 0x0p+0 0x0p+0 0x1.441d2p+9 0x1.441d2p+9 0x1.a62b8cp-3 0x1.a62b8cp-3 0x1p+0 0x1p+0
ROW 9 0x1.41d4cap-46 0x1.4421a4p-56 0x1.be139ap-50 0x1.f9280cp-48 0x1.a43d94p-46 0x0p+0 0x0p+0 0x0p+0 0x0p+0 0x0p+0 0x1.47312p+9 0x1.47312p+9 0x1.d10a9cp-3 0x1.d10a9cp-3 0x1p+0 0x1p+0
ROW 10 0x1.549c06p-48 0x1.633376p-58 0x1.bcfae6p-52 0x1.91259p-50 0x1.9d15bcp-48 0x0p+0 0x0p+0 0x0p+0 0x0p+0 0x0p+0 0x1.4b328p+9 0x1.4b328p+9 0x1.fedfbp-3 0x1.fedfbp-3 0x1p+0 0x1p+0
ROW 11 0x1.32f36cp-33 0x1.4918ccp-43 0x1.79131p-37 0x1.902a1p-52 0x1.1b626ep-33 0x0p+0 0x0p+0 0x0p+0 0x0p+0 0x0p+0 0x1.50d78p+9 0x1.50d78p+9 0x1.1748ccp-2 0x1.1748ccp-2 0x1p+0 0x1p+0
ROW 12 0x1.14e6c2p-33 0x1.2ff53ap-43 0x1.3f6aeap-37 0x1.531a92p-37 0x1.1621bep-33 0x0p+0 0x0p+0 0x0p+0 0x0p+0 0x0p+0 0x1.57874p+9 0x1.57874p+9 0x1.308318p-2 0x1.308318p-2 0x1p+0 0x1p+0
ROW 13 0x1.963444p-57 0x1.224206p-74 0x1.189322p-68 0x1.1f439p-37 0x1.1f43aap-37 0x0p+0 0x0p+0 0x0p+0 0x0p+0 0x0p+0 0x1.5f5dap+9 0x1.5f5dap+9 0x1.4b0b38p-2 0x1.4b0b38p-2 0x1p+0 0x1p+0
ROW 14 0x0p+0 0x0p+0 0x0p+0 0x1.f8ae02p-69 0x1.f8ae02p-69 0x0p+0 0x0p+0 0x0p+0 0x0p+0 0x0p+0 0x1.67f9ep+9 0x1.67f9ep+9 0x1.6747ep-2 0x1.6747ep-2 0x1p+0 0x1p+0
ROW 15 0x1.608b28p-23 0x1.975dd4p-33 0x1.4e762ap-27 0x0p+0 0x1.4ba3c6p-23 0x0p+0 0x0p+0 0x0p+0 0x0p+0 0x0p+0 0x1.7120ap+9 0x1.7120ap+9 0x1.85c0acp-2 0x1.85c0acp-2 0x1p+0 0x1p+0
ROW 16 0x1.4df506p-21 0x1.886bdap-31 0x1.28b4ep-25 0x1.2ca0cap-27 0x1.401c3cp-21 0x0p+0 0x0p+0 0x0p+0 0x0p+0 0x0p+0 0x1.7a2fep+9 0x1.7a2fep+9 0x1.a73aap-2 0x1.a73aap-2 0x1p+0 0x1p+0
ROW 17 0x1.d5d914p-22 0x1.1919p-31 0x1.871caep-26 0x1.0ab8b6p-25 0x1.debe6p-22 0x0p+0 0x0p+0 0x0p+0 0x0p+0 0x0p+0 0x1.8317cp+9 0x1.8317cp+9 0x1.cbfa16p-2 0x1.cbfa16p-2 0x1p+0 0x1p+0
ROW 18 0x1.030538p-30 0x1.3bf5e8p-40 0x1.943566p-35 0x1.5fa588p-26 0x1.6f0bcp-26 0x0p+0 0x0p+0 0x0p+0 0x0p+0 0x0p+0 0x1.8bdb7p+9 0x1.8bdb7p+9 0x1.f445f8p-2 0x1.f445f8p-2 0x1p+0 0x1p+0
ROW 19 0x1.1e806ep-28 0x1.646812p-38 0x1.a329f6p-33 0x1.6b83e6p-35 0x1.143e26p-28 0x0p+0 0x0p+0 0x0p+0 0x0p+0 0x0p+0 0x1.94a83p+9 0x1.94a83p+9 0x1.1016e8p-1 0x1.1016e8p-1 0x1p+0 0x1p+0
ROW 20 0x1.19d594p-31 0x1.658308p-41 0x1.829a8p-36 0x1.791104p-33 0x1.6c05p-31 0x0p+0 0x0p+0 0x0p+0 0x0p+0 0x0p+0 0x1.9d9bfp+9 0x1.9d9bfp+9 0x1.27eb92p-1 0x1.27eb92p-1 0x1p+0 0x1p+0
ROW 21 0x1.561848p-96 0x1.3478ecp-113 0x1.337342p-108 0x1.7d0146p-36 0x1.7d0146p-36 0x0p+0 0x0p+0 0x0p+0 0x0p+0 0x0p+0 0x1.82d1dp+9 0x1.82d1dp+9 0x1.41105ap-1 0x1.41105ap-1 0x1p+0 0x1p+0
ROW 22 0x1.deca3p-70 0x1.e696cp-87 0x1.c0855p-82 0x1.34509cp-108 0x1.deae28p-70 0x0p+0 0x0p+0 0x0p+0 0x0p+0 0x0p+0 0x1.64bd3p+9 0x1.64bd3p+9 0x1.5b28f2p-1 0x1.5b28f2p-1 0x1p+0 0x1p+0
ROW 23 0x1.3c0e14p-79 0x1.6957fp-96 0x1.362daep-91 0x1.c59ff6p-82 0x1.74aebp-79 0x0p+0 0x0p+0 0x0p+0 0x0p+0 0x0p+0 0x1.487a9p+9 0x1.487a9p+9 0x1.74c9p-1 0x1.74c9p-1 0x1p+0 0x1p+0
ROW 24 0x1p-146 0x0p+0 0x0p+0 0x1.3c067p-91 0x1.3c067p-91 0x0p+0 0x0p+0 0x0p+0 0x0p+0 0x0p+0 0x1.2f2efp+9 0x1.2f2efp+9 0x1.8c6a58p-1 0x1.8c6a58p-1 0x1p+0 0x1p+0
ROW 25 0x1p-149 0x0p+0 0x0p+0 0x0p+0 0x1p-149 0x0p+0 0x0p+0 0x0p+0 0x0p+0 0x0p+0 0x1.17b758p+9 0x1.17b758p+9 0x1.a2fbap-1 0x1.a2fbap-1 0x1p+0 0x1p+0
ROW 26 0x0p+0 0x0p+0 0x0p+0 0x0p+0 0x0p+0 0x0p+0 0x0p+0 0x0p+0 0x0p+0 0x0p+0 0x1.016818p+9 0x1.016818p+9 0x1.b8bee8p-1 0x1.b8bee8p-1 0x1p+0 0x1p+0
ROW 27 0x0p+0 0x0p+0 0x0p+0 0x0p+0 0x0p+0 0x0p+0 0x0p+0 0x0p+0 0x0p+0 0x0p+0 0x1.d2211p+8 0x1.d2211p+8 0x1.ccd3aep-1 0x1.ccd3aep-1 0x1p+0 0x1p+0
ROW 28 0x0p+0 0x0p+0 0x0p+0 0x0p+0 0x0p+0 0x0p+0 0x0p+0 0x0p+0 0x0p+0 0x0p+0 0x1.9d245p+8 0x1.9d245p+8 0x1.df59d4p-1 0x1.df59d4p-1 0x1p+0 0x1p+0
ROW 29 0x0p+0 0x0p+0 0x0p+0 0x0p+0 0x0p+0 0x0p+0 0x0p+0 0x0p+0 0x0p+0 0x0p+0 0x1.66767p+8 0x1.66767p+8 0x1.f0ad5ap-1 0x1.f0ad5ap-1 0x1p+0 0x1p+0
ROW 30 0x0p+0 0x0p+0 0x0p+0 0x0p+0 0x0p+0 0x0p+0 0x0p+0 0x0p+0 0x0p+0 0x0p+0 0x1.30c52p+8 0x1.30c52p+8 0x1.0058p+0 0x1.0058p+0 0x1p+0 0x1p+0
ROW 31 0x0p+0 0x0p+0 0x0p+0 0x0p+0 0x0p+0 0x0p+0 0x0p+0 0x0p+0 0x0p+0 0x0p+0 0x1.fdc7c8p+7 0x1.fdc7c8p+7 0x1.06bfap+0 0x1.06bfap+0 0x1p+0 0x1p+0
ROW 32 0x0p+0 0x0p+0 0x0p+0 0x0p+0 0x0p+0 0x0p+0 0x0p+0 0x0p+0 0x0p+0 0x0p+0 0x1.a499e8p+7 0x1.a499e8p+7 0x1.0b377ap+0 0x1.0b377ap+0 0x1p+0 0x1p+0
ROW 33 0x0p+0 0x0p+0 0x0p+0 0x0p+0 0x0p+0 0x0p+0 0x0p+0 0x0p+0 0x0p+0 0x0p+0 0x1.566cbp+7 0x1.566cbp+7 0x1.0ecbdap+0 0x1.0ecbdap+0 0x1p+0 0x1p+0
ROW 34 0x0p+0 0x0p+0 0x0p+0 0x0p+0 0x0p+0 0x0p+0 0x0p+0 0x0p+0 0x0p+0 0x0p+0 0x1.13154p+7 0x1.13154p+7 0x1.127376p+0 0x1.127376p+0 0x1p+0 0x1p+0
ROW 35 0x0p+0 0x0p+0 0x0p+0 0x0p+0 0x0p+0 0x0p+0 0x0p+0 0x0p+0 0x0p+0 0x0p+0 0x1.b6c4fp+6 0x1.b6c4fp+6 0x1.151298p+0 0x1.151298p+0 0x1p+0 0x1p+0
ROW 36 0x0p+0 0x0p+0 0x0p+0 0x0p+0 0x0p+0 0x0p+0 0x0p+0 0x0p+0 0x0p+0 0x0p+0 0x1.5af9cap+6 0x1.5af9cap+6 0x1.174e8ap+0 0x1.174e8ap+0 0x1p+0 0x1p+0
ROW 37 0x0p+0 0x0p+0 0x0p+0 0x0p+0 0x0p+0 0x0p+0 0x0p+0 0x0p+0 0x0p+0 0x0p+0 0x1.10c2a6p+6 0x1.10c2a6p+6 0x1.190e6cp+0 0x1.190e6cp+0 0x1p+0 0x1p+0
ROW 38 0x0p+0 0x0p+0 0x0p+0 0x0p+0 0x0p+0 0x0p+0 0x0p+0 0x0p+0 0x0p+0 0x0p+0 0x1.ab674p+5 0x1.ab674p+5 0x1.1a1bbep+0 0x1.1a1bbep+0 0x1p+0 0x1p+0
END ice
BEGIN ice 2 1 19748 39 0x1.4p+4
ROW 0 0x0p+0 0x0p+0 0x0p+0 0x0p+0 0x0p+0 0x0p+0 0x0p+0 0x0p+0 0x0p+0 0x0p+0 0x1.447d8p+9 0x1.447d8p+9 0x1.68ad3p-4 0x1.68ad3p-4 0x1p+0 0x1p+0
ROW 1 0x0p+0 0x0p+0 0x0p+0 0x0p+0 0x0p+0 0x0p+0 0x0p+0 0x0p+0 0x0p+0 0x0p+0 0x1.446bp+9 0x1.446bp+9 0x1.912b88p-4 0x1.912b88p-4 0x1p+0 0x1p+0
ROW 2 0x0p+0 0x0p+0 0x0p+0 0x0p+0 0x0p+0 0x0p+0 0x0p+0 0x0p+0 0x0p+0 0x0p+0 0x1.44a5cp+9 0x1.44a5cp+9 0x1.bdcba2p-4 0x1.bdcba2p-4 0x1p+0 0x1p+0
ROW 3 0x0p+0 0x0p+0 0x0p+0 0x0p+0 0x0p+0 0x0p+0 0x0p+0 0x0p+0 0x0p+0 0x0p+0 0x1.4529cp+9 0x1.4529cp+9 0x1.eef1d6p-4 0x1.eef1d6p-4 0x1p+0 0x1p+0
ROW 4 0x0p+0 0x0p+0 0x0p+0 0x0p+0 0x0p+0 0x0p+0 0x0p+0 0x0p+0 0x0p+0 0x0p+0 0x1.45f38p+9 0x1.45f38p+9 0x1.12877cp-3 0x1.12877cp-3 0x1p+0 0x1p+0
ROW 5 0x0p+0 0x0p+0 0x0p+0 0x0p+0 0x0p+0 0x0p+0 0x0p+0 0x0p+0 0x0p+0 0x0p+0 0x1.47044p+9 0x1.47044p+9 0x1.304926p-3 0x1.304926p-3 0x1p+0 0x1p+0
ROW 6 0x1.dp-141 0x0p+0 0x0p+0 0x0p+0 0x1.dp-141 0x0p+0 0x0p+0 0x0p+0 0x0p+0 0x0p+0 0x1.48698p+9 0x1.48698p+9 0x1.50eefap-3 0x1.50eefap-3 0x1p+0 0x1p+0
ROW 7 0x1.0254p-134 0x0p+0 0x0p+0 0x0p+0 0x1.0254p-134 0x0p+0 0x0p+0 0x0p+0 0x0p+0 0x0p+0 0x1.49fb4p+9 0x1.49fb4p+9 0x1.74e57cp-3 0x1.74e57cp-3 0x1p+0 0x1p+0
ROW 8 0x1.c3c67p-77 0x1.0d6406p-94 0x1.a284cep-88 0x0p+0 0x1.c3922p-77 0x0p+0 0x0p+0 0x0p+0 0x0p+0 0x0p+0 0x1.4c27cp+9 0x1.4c27cp+9 0x1.9bf3f8p-3 0x1.9bf3f8p-3 0x1p+0 0x1p+0
ROW 9 0x1.01b852p-57 0x1.401174p-75 0x1.c2eaf4p-69 0x1.785c0ap-88 0x1.019c24p-57 0x0p+0 0x0p+0 0x0p+0 0x0p+0 0x0p+0 0x1.4ef26p+9 0x1.4ef26p+9 0x1.c64812p-3 0x1.c64812p-3 0x1p+0 0x1p+0
ROW 10 0x1.a3759ap-53 0x1.0e8fdep-70 0x1.5a3c6ep-64 0x1.957ee6p-69 0x1.a34be8p-53 0x0p+0 0x0p+0 0x0p+0 0x0p+0 0x0p+0 0x1.5253ep+9 0x1.5253ep+9 0x1.f41ecap-3 0x1.f41ecap-3 0x1p+0 0x1p+0
ROW 11 0x1.dab182p-49 0x1.f05958p-59 0x1.212424p-52 0x1.375d38p-64 0x1.b68f6cp-49 0x0p+0 0x0p+0 0x0p+0 0x0p+0 0x0p+0 0x1.5685ap+9 0x1.5685ap+9 0x1.12a94p-2 0x1.12a94p-2 0x1p+0 0x1p+0
ROW 12 0x1.b6223ep-40 0x1.d8f302p-50 0x1.f69576p-44 0x1.040612p-52 0x1.96c926p-40 0x0p+0 0x0p+0 0x0p+0 0x0p+0 0x0p+0 0x1.5b65cp+9 0x1.5b65cp+9 0x1.2d21a2p-2 0x1.2d21a2p-2 0x1p+0 0x1p+0
ROW 13 0x1.2f17f6p-22 0x1.50c05ep-32 0x1.470e54p-26 0x1.c3fc96p-44 0x1.1aa718p-22 0x0p+0 0x0p+0 0x0p+0 0x0p+0 0x0p+0 0x1.610b2p+9 0x1.610b2p+9 0x1.497c7ep-2 0x1.497c7ep-2 0x1p+0 0x1p+0
ROW 14 0x1.e05e8cp-21 0x1.11f8b2p-30 0x1.e74d8p-25 0x1.263d56p-26 0x1.cb1b9ep-21 0x0p+0 0x0p+0 0x0p+0 0x0p+0 0x0p+0 0x1.6755ep+9 0x1.6755ep+9 0x1.67d22ap-2 0x1.67d22ap-2 0x1p+0 0x1p+0
ROW 15 0x1.86b7eep-18 0x1.cc5a06p-28 0x1.777aep-22 0x1.ba2376p-25 0x1.72b486p-18 0x0p+0 0x0p+0 0x0p+0 0x0p+0 0x0p+0 0x1.6b394p+9 0x1.6b394p+9 0x1.8854cep-2 0x1.8854cep-2 0x1p+0 0x1p+0
ROW 16 0x1.33f842p-16 0x1.772c6cp-26 0x1.193f92p-20 0x1.562162p-22 0x1.27bccep-16 0x0p+0 0x0p+0 0x0p+0 0x0p+0 0x0p+0 0x1.6e60ep+9 0x1.6e60ep+9 0x1.aadddep-2 0x1.aadddep-2 0x1p+0 0x1p+0
ROW 17 0x1.eddc22p-17 0x1.353518p-26 0x1.abefbap-21 0x1.00715ap-20 0x1.f32b52p-17 0x0p+0 0x0p+0 0x0p+0 0x0p+0 0x0p+0 0x1.72e98p+9 0x1.72e98p+9 0x1.ce6f54p-2 0x1.ce6f54p-2 0x1p+0 0x1p+0
ROW 18 0x1.6d7742p-21 0x1.d572e4p-31 0x1.2c5b36p-25 0x1.865782p-21 0x1.708488p-20 0x0p+0 0x0p+0 0x0p+0 0x0p+0 0x0p+0 0x1.77f89p+9 0x1.77f89p+9 0x1.f426cp-2 0x1.f426cp-2 0x1p+0 0x1p+0
ROW 19 0x1.aa6584p-25 0x1.1a5d04p-34 0x1.4ced6ep-29 0x1.11eb34p-25 0x1.53c0fp-24 0x0p+0 0x0p+0 0x0p+0 0x0p+0 0x0p+0 0x1.7bde1p+9 0x1.7bde1p+9 0x1.0f6636p-1 0x1.0f6636p-1 0x1p+0 0x1p+0
ROW 20 0x1.1165fap-33 0x1.770356p-43 0x1.9613fap-38 0x1.2f650ap-29 0x1.3fb06p-29 0x0p+0 0x0p+0 0x0p+0 0x0p+0 0x0p+0 0x1.7ed22p+9 0x1.7ed22p+9 0x1.27851ep-1 0x1.27851ep-1 0x1p+0 0x1p+0
ROW 21 0x1.7d55cep-30 0x1.259014p-39 0x1.25d3ap-34 0x1.95178ap-38 0x1.6c8dacp-30 0x0p+0 0x0p+0 0x0p+0 0x0p+0 0x0p+0 0x1.62b6dp+9 0x1.62b6dp+9 0x1.3fb66ep-1 0x1.3fb66ep-1 0x1p+0 0x1p+0
ROW 22 0x1.267d76p-14 0x1.fba1acp-24 0x1.db8902p-19 0x1.2a235ap-34 0x1.17a14p-14 0x0p+0 0x0p+0 0x0p+0 0x0p+0 0x0p+0 0x1.472fep+9 0x1.472fep+9 0x1.559936p-1 0x1.559936p-1 0x1p+0 0x1p+0
ROW 23 0x1.08fc48p-13 0x1.fd462p-23 0x1.c1a55cp-18 0x1.e5cb14p-19 0x1.02864ap-13 0x0p+0 0x0p+0 0x0p+0 0x0p+0 0x0p+0 0x1.2ddd6p+9 0x1.2ddd6p+9 0x1.6a6f7ep-1 0x1.6a6f7ep-1 0x1p+0 0x1p+0
ROW 24 0x1.8dd86ap-32 0x1.ab8d78p-41 0x1.64283cp-36 0x1.cd3606p-18 0x1.cd3be4p-18 0x0p+0 0x0p+0 0x0p+0 0x0p+0 0x0p+0 0x1.15a97p+9 0x1.15a97p+9 0x1.8025bcp-1 0x1.8025bcp-1 0x1p+0 0x1p+0
ROW 25 0x1.a7e99ep-41 0x1.fd0248p-50 0x1.9161cp-45 0x1.6ea732p-36 0x1.7b1dcep-36 0x0p+0 0x0p+0 0x0p+0 0x0p+0 0x0p+0 0x1.fea34p+8 0x1.fea34p+8 0x1.95ce22p-1 0x1.95ce22p-1 0x1p+0 0x1p+0
ROW 26 0x1.d8c52p-54 0x1.92c706p-70 0x1.2e9ee2p-65 0x1.9efa6cp-45 0x1.9fe6bcp-45 0x0p+0 0x0p+0 0x0p+0 0x0p+0 0x0p+0 0x1.d6981p+8 0x1.d6981p+8 0x1.a9e8a4p-1 0x1.a9e8a4p-1 0x1p+0 0x1p+0
ROW 27 0x1.b382ecp-39 0x1.45ccdep-47 0x1.d565c8p-43 0x1.3ecf6ap-65 0x1.962c9p-39 0x0p+0 0x0p+0 0x0p+0 0x0p+0 0x0p+0 0x1.ac4a7p+8 0x1.ac4a7p+8 0x1.bc3658p-1 0x1.bc3658p-1 0x1p+0 0x1p+0
ROW 28 0x1.658b46p-38 0x1.3083eep-46 0x1.a755c4p-42 0x1.fad404p-43 0x1.5aec8ap-38 0x0p+0 0x0p+0 0x0p+0 0x0p+0 0x0p+0 0x1.7ebd9p+8 0x1.7ebd9p+8 0x1.cc5e2ap-1 0x1.cc5e2ap-1 0x1p+0 0x1p+0
ROW 29 0x1.4eaa0cp-40 0x1.4a2984p-48 0x1.bd17fp-44 0x1.d4881ap-42 0x1.a7fa92p-40 0x0p+0 0x0p+0 0x0p+0 0x0p+0 0x0p+0 0x1.4f59a8p+8 0x1.4f59a8p+8 0x1.dabd7ep-1 0x1.dabd7ep-1 0x1p+0 0x1p+0
ROW 30 0x1.6685bap-39 0x1.a30282p-47 0x1.122034p-42 0x1.f851fp-44 0x1.540444p-39 0x0p+0 0x0p+0 0x0p+0 0x0p+0 0x0p+0 0x1.1f4298p+8 0x1.1f4298p+8 0x1.e92144p-1 0x1.e92144p-1 0x1p+0 0x1p+0
ROW 31 0x1.71cb46p-38 0x1.04c198p-45 0x1.4c0022p-41 0x1.3d8f36p-42 0x1.5c2436p-38 0x0p+0 0x0p+0 0x0p+0 0x0p+0 0x0p+0 0x1.e2972p+7 0x1.e2972p+7 0x1.f6a96ep-1 0x1.f6a96ep-1 0x1p+0 0x1p+0
ROW 32 0x1.d38b12p-39 0x1.92f664p-46 0x1.f5c0dap-42 0x1.888ae6p-41 0x1.f6f5bp-39 0x0p+0 0x0p+0 0x0p+0 0x0p+0 0x0p+0 0x1.8f2a3p+7 0x1.8f2a3p+7 0x1.00feaap+0 0x1.00feaap+0 0x1p+0 0x1p+0
ROW 33 0x1.65f046p-40 0x1.7dc162p-47 0x1.d28414p-43 0x1.2de43p-41 0x1.c291dcp-40 0x0p+0 0x0p+0 0x0p+0 0x0p+0 0x0p+0 0x1.458ccp+7 0x1.458ccp+7 0x1.05dc16p+0 0x1.05dc16p+0 0x1p+0 0x1p+0
ROW 34 0x1.b8d71ap-53 0x1.78de2p-67 0x1.c434f6p-63 0x1.1cdd64p-42 0x1.1d147p-42 0x0p+0 0x0p+0 0x0p+0 0x0p+0 0x0p+0 0x1.05bf48p+7 0x1.05bf48p+7 0x1.0aafdap+0 0x1.0aafdap+0 0x1p+0 0x1p+0
ROW 35 0x1.1cb478p-57 0x1.324476p-71 0x1.6b4be4p-67 0x1.17ab16p-62 0x1.2516fep-57 0x0p+0 0x0p+0 0x0p+0 0x0p+0 0x0p+0 0x1.a2658p+6 0x1.a2658p+6 0x1.0dc47cp+0 0x1.0dc47cp+0 0x1p+0 0x1p+0
ROW 36 0x1.43d7cep-58 0x1.ba9b96p-72 0x1.03a1d2p-67 0x1.c5fb96p-67 0x1.4438fcp-58 0x0p+0 0x0p+0 0x0p+0 0x0p+0 0x0p+0 0x1.4b254p+6 0x1.4b254p+6 0x1.10c28cp+0 0x1.10c28cp+0 0x1p+0 0x1p+0
ROW 37 0x1.d87188p-52 0x1.9c3486p-65 0x1.df6ac6p-61 0x1.473114p-67 0x1.d7846p-52 0x0p+0 0x0p+0 0x0p+0 0x0p+0 0x0p+0 0x1.047fbp+6 0x1.047fbp+6 0x1.132338p+0 0x1.132338p+0 0x1p+0 0x1p+0
ROW 38 0x1.32a4e2p-52 0x1.56d894p-65 0x1.8c1bbap-61 0x1.301fcp-60 0x1.330ef4p-52 0x0p+0 0x0p+0 0x0p+0 0x0p+0 0x0p+0 0x1.97ed8p+5 0x1.97ed8p+5 0x1.14f8b6p+0 0x1.14f8b6p+0 0x1p+0 0x1p+0
END ice
BEGIN ice 3 1 19748 39 0x1.4p+4
ROW 0 0x0p+0 0x0p+0 0x0p+0 0x0p+0 0x0p+0 0x0p+0 0x0p+0 0x0p+0 0x0p+0 0x0p+0 0x1.3ddb4p+9 0x1.3ddb4p+9 0x1.7034ap-4 0x1.7034ap-4 0x1p+0 0x1p+0
ROW 1 0x0p+0 0x0p+0 0x0p+0 0x0p+0 0x0p+0 0x0p+0 0x0p+0 0x0p+0 0x0p+0 0x0p+0 0x1.3d244p+9 0x1.3d244p+9 0x1.9a6044p-4 0x1.9a6044p-4 0x1p+0 0x1p+0
ROW 2 0x0p+0 0x0p+0 0x0p+0 0x0p+0 0x0p+0 0x0p+0 0x0p+0 0x0p+0 0x0p+0 0x0p+0 0x1.3cdc4p+9 0x1.3cdc4p+9 0x1.c8c0c2p-4 0x1.c8c0c2p-4 0x1p+0 0x1p+0
ROW 3 0x0p+0 0x0p+0 0x0p+0 0x0p+0 0x0p+0 0x0p+0 0x0p+0 0x0p+0 0x0p+0 0x0p+0 0x1.3d03p+9 0x1.3d03p+9 0x1.fbac34p-4 0x1.fbac34p-4 0x1p+0 0x1p+0
ROW 4 0x0p+0 0x0p+0 0x0p+0 0x0p+0 0x0p+0 0x1.184806p-30 0x1.06ada6p-47 0x1.48591p-43 0x0p+0 0x1.183dc4p-30 0x1.3d9bcp+9 0x1.3d9bcp+9 0x1.19bdd6p-3 0x1.19bdd6p-3 0x1p+0 0x1p+0
ROW 5 0x1p-149 0x0p+0 0x0p+0 0x0p+0 0x1p-149 0x1.c18bccp-32 0x1.8edfc2p-49 0x1.f297b2p-45 0x1.47456cp-43 0x1.c1a52p-32 0x1.3ea74p+9 0x1.3ea74p+9 0x1.3845ep-3 0x1.3845ep-3 0x1p+0 0x1p+0
ROW 6 0x1.600d4p-131 0x1p-148 0x1.dap-142 0x0p+0 0x1.5fd2p-131 0x1.924ebcp-20 0x1.51b612p-37 0x1.a62396p-33 0x1.f04272p-45 0x1.92418ap-20 0x1.4026cp+9 0x1.4026cp+9 0x1.59a0ap-3 0x1.59a0ap-3 0x1p+0 0x1p+0
ROW 7 0x1.7d2p-138 0x0p+0 0x0p+0 0x1.aap-142 0x1.97cp-138 0x1.5335fp-26 0x1.0d6768p-43 0x1.50c142p-39 0x1.a43498p-33 0x1.5673d4p-26 0x1.419fep+9 0x1.419fep+9 0x1.7e952ep-3 0x1.7e952ep-3 0x1p+0 0x1p+0
ROW 8 0x1.29d2d8p-82 0x1.70d5b8p-100 0x1.17644ep-93 0x0p+0 0x1.29afecp-82 0x0p+0 0x0p+0 0x0p+0 0x1.4e627ap-39 0x1.4e627ap-39 0x1.43e78p+9 0x1.43e78p+9 0x1.a6717p-3 0x1.a6717p-3 0x1p+0 0x1p+0
ROW 9 0x1.2ac51cp-66 0x1.80a88p-84 0x1.088768p-77 0x1.f67fa8p-94 0x1.2aa40cp-66 0x0p+0 0x0p+0 0x0p+0 0x0p+0 0x0p+0 0x1.46feep+9 0x1.46feep+9 0x1.d151fp-3 0x1.d151fp-3 0x1p+0 0x1p+0
ROW 10 0x1.e3868p-70 0x1.423d42p-87 0x1.937d72p-81 0x1.dbc4c8p-78 0x1.e52fd4p-70 0x0p+0 0x0p+0 0x0p+0 0x0p+0 0x0p+0 0x1.4b094p+9 0x1.4b094p+9 0x1.ff1f8ep-3 0x1.ff1f8ep-3 0x1p+0 0x1p+0
ROW 11 0x1.368dbp-51 0x1.a978fep-69 0x1.e754b8p-63 0x1.6ada6p-81 0x1.366f3ap-51 0x0p+0 0x0p+0 0x0p+0 0x0p+0 0x0p+0 0x1.50b9ap+9 0x1.50b9ap+9 0x1.1761a8p-2 0x1.1761a8p-2 0x1p+0 0x1p+0
ROW 12 0x1.105p-29 0x1.dfe892p-43 0x1.f8369ap-37 0x1.b6426p-63 0x1.0e57cap-29 0x1.16421ep+8 0x1.9c2d8ep-6 0x1.019c78p-1 0x0p+0 0x1.15c15p+8 0x1.5774ep+9 0x1.5774ep+9 0x1.30932ep-2 0x1.30932ep-2 0x1p+0 0x1p+0
ROW 13 0x1.131d74p-19 0x1.ec37aap-33 0x1.dbc77ep-27 0x1.c57462p-37 0x1.11421ep-19 0x1.351818p+18 0x1.aba236p+4 0x1.0b4562p+9 0x1.f7a444p-2 0x1.349296p+18 0x1.5f5aap+9 0x1.5f5aap+9 0x1.4b0e56p-2 0x1.4b0e56p-2 0x1p+0 0x1p+0
ROW 14 0x1.900e7ap-19 0x1.6bd9bp-32 0x1.4417f6p-26 0x1.abe692p-27 0x1.8f323p-19 0x1.e7a6c4p+18 0x1.3c0b76p+5 0x1.8b0e54p+9 0x1.04d97ep+9 0x1.e763a8p+18 0x1.6800ep+9 0x1.6800ep+9 0x1.67412cp-2 0x1.67412cp-2 0x1p+0 0x1p+0
ROW 15 0x1.aa768ap-20 0x1.9717e2p-33 0x1.4e441cp-27 0x1.235a52p-26 0x1.ac676cp-20 0x1.feecc8p+17 0x1.405fdep+4 0x1.9077d6p+8 0x1.814334p+9 0x1.ffa5dp+17 0x1.7127ap+9 0x1.7127ap+9 0x1.85b814p-2 0x1.85b814p-2 0x1p+0 0x1p+0
ROW 16 0x1.b1ffc8p-21 0x1.2f9582p-33 0x1.cb1c5p-28 0x1.2c74eap-27 0x1.b31b64p-21 0x1.7947aap+15 0x1.3f49a4p+2 0x1.8f1c0cp+6 0x1.86e23p+8 0x1.7b8dep+15 0x1.7a34ep+9 0x1.7a34ep+9 0x1.a7322cp-2 0x1.a7322cp-2 0x1p+0 0x1p+0
ROW 17 0x1.0053dep-21 0x1.0f8722p-33 0x1.79d1cp-28 0x1.9cb7eap-28 0x1.0099aap-21 0x1.268e96p+13 0x1.5b55acp+0 0x1.b22b18p+4 0x1.85f088p+6 0x1.28c162p+13 0x1.8319cp+9 0x1.8319cp+9 0x1.cbf314p-2 0x1.cbf314p-2 0x1p+0 0x1p+0
ROW 18 0x1.00a3ep-25 0x1.80056p-38 0x1.eb4ba6p-33 0x1.53b34ep-28 0x1.292efep-25 0x1.e25f0ep+10 0x1.715e4cp-3 0x1.cdb5ep+1 0x1.a89298p+4 0x1.e81a7ep+10 0x1.8bd97p+9 0x1.8bd97p+9 0x1.f4417ep-2 0x1.f4417ep-2 0x1p+0 0x1p+0
ROW 19 0x1.98bcb6p-60 0x1.44b95cp-77 0x1.7de78ap-72 0x1.b9d79ap-33 0x1.b9d79ap-33 0x1.91d272p+8 0x1.2c5ac8p-10 0x1.77717ap-6 0x1.c3b0f6p+1 0x1.9553f6p+8 0x1.94a14p+9 0x1.94a14p+9 0x1.101696p-1 0x1.101696p-1 0x1p+0 0x1p+0
ROW 20 0x1.3fe3bp-43 0x1.94ccep-60 0x1.b5bcaep-55 0x1.578d92p-72 0x1.3fc854p-43 0x1.4abe0cp+6 0x1.6a1212p-12 0x1.c49696p-8 0x1.6f5356p-6 0x1.4acdfp+6 0x1.9d927p+9 0x1.9d927p+9 0x1.27ec14p-1 0x1.27ec14p-1 0x1p+0 0x1p+0
ROW 21 0x1.c704fp-40 0x1.7c213cp-50 0x1.7ae036p-45 0x1.af670ep-55 0x1.bb314cp-40 0x1.31d34ep-9 0x1.976fe8p-21 0x1.fd4be2p-17 0x1.e3ed6ap-8 0x1.3dec36p-7 0x1.82cap+9 0x1.82cap+9 0x1.410f24p-1 0x1.410f24p-1 0x1p+0 0x1p+0
ROW 22 0x1.36e63ep-97 0x1.3bfa88p-114 0x1.2344eap-109 0x1.7bf204p-45 0x1.7bf204p-45 0x1.467aa2p-21 0x1.e9625cp-40 0x1.31dd7ap-35 0x1.141deep-16 0x1.1e519cp-16 0x1.64b72p+9 0x1.64b72p+9 0x1.5b2594p-1 0x1.5b2594p-1 0x1p+0 0x1p+0
ROW 23 0x1.3324f2p-112 0x1.5f2acp-129 0x1.2d7566p-124 0x1.2695d4p-109 0x1.4cf818p-109 0x0p+0 0x0p+0 0x0p+0 0x1.4c2d44p-35 0x1.4c2d44p-35 0x1.4875cp+9 0x1.4875cp+9 0x1.74c408p-1 0x1.74c408p-1 0x1p+0 0x1p+0
ROW 24 0x1.310ed8p-128 0x1.8p-145 0x1.36p-140 0x1.33245cp-124 0x1.463414p-124 0x0p+0 0x0p+0 0x0p+0 0x0p+0 0x0p+0 0x1.2f2b5p+9 0x1.2f2b5p+9 0x1.8c63a2p-1 0x1.8c63a2p-1 0x1p+0 0x1p+0
ROW 25 0x0p+0 0x0p+0 0x0p+0 0x1.3ep-140 0x1.3ep-140 0x0p+0 0x0p+0 0x0p+0 0x0p+0 0x0p+0 0x1.17b3ep+9 0x1.17b3ep+9 0x1.a2f4d8p-1 0x1.a2f4d8p-1 0x1p+0 0x1p+0
ROW 26 0x0p+0 0x0p+0 0x0p+0 0x0p+0 0x0p+0 0x0p+0 0x0p+0 0x0p+0 0x0p+0 0x0p+0 0x1.016508p+9 0x1.016508p+9 0x1.b8b74p-1 0x1.b8b74p-1 0x1p+0 0x1p+0
ROW 27 0x0p+0 0x0p+0 0x0p+0 0x0p+0 0x0p+0 0x0p+0 0x0p+0 0x0p+0 0x0p+0 0x0p+0 0x1.d21dap+8 0x1.d21dap+8 0x1.ccc8aap-1 0x1.ccc8aap-1 0x1p+0 0x1p+0
ROW 28 0x0p+0 0x0p+0 0x0p+0 0x0p+0 0x0p+0 0x0p+0 0x0p+0 0x0p+0 0x0p+0 0x0p+0 0x1.9d244p+8 0x1.9d244p+8 0x1.df4c34p-1 0x1.df4c34p-1 0x1p+0 0x1p+0
ROW 29 0x0p+0 0x0p+0 0x0p+0 0x0p+0 0x0p+0 0x0p+0 0x0p+0 0x0p+0 0x0p+0 0x0p+0 0x1.667838p+8 0x1.667838p+8 0x1.f09dc4p-1 0x1.f09dc4p-1 0x1p+0 0x1p+0
ROW 30 0x0p+0 0x0p+0 0x0p+0 0x0p+0 0x0p+0 0x0p+0 0x0p+0 0x0p+0 0x0p+0 0x0p+0 0x1.30c708p+8 0x1.30c708p+8 0x1.004fcep+0 0x1.004fcep+0 0x1p+0 0x1p+0
ROW 31 0x0p+0 0x0p+0 0x0p+0 0x0p+0 0x0p+0 0x0p+0 0x0p+0 0x0p+0 0x0p+0 0x0p+0 0x1.fdc758p+7 0x1.fdc758p+7 0x1.06b9aep+0 0x1.06b9aep+0 0x1p+0 0x1p+0
ROW 32 0x0p+0 0x0p+0 0x0p+0 0x0p+0 0x0p+0 0x0p+0 0x0p+0 0x0p+0 0x0p+0 0x0p+0 0x1.a4956p+7 0x1.a4956p+7 0x1.0b3462p+0 0x1.0b3462p+0 0x1p+0 0x1p+0
ROW 33 0x0p+0 0x0p+0 0x0p+0 0x0p+0 0x0p+0 0x0p+0 0x0p+0 0x0p+0 0x0p+0 0x0p+0 0x1.5668dcp+7 0x1.5668dcp+7 0x1.0ec97cp+0 0x1.0ec97cp+0 0x1p+0 0x1p+0
ROW 34 0x0p+0 0x0p+0 0x0p+0 0x0p+0 0x0p+0 0x0p+0 0x0p+0 0x0p+0 0x0p+0 0x0p+0 0x1.131408p+7 0x1.131408p+7 0x1.126f6p+0 0x1.126f6p+0 0x1p+0 0x1p+0
ROW 35 0x0p+0 0x0p+0 0x0p+0 0x0p+0 0x0p+0 0x0p+0 0x0p+0 0x0p+0 0x0p+0 0x0p+0 0x1.b6c31p+6 0x1.b6c31p+6 0x1.150ea4p+0 0x1.150ea4p+0 0x1p+0 0x1p+0
ROW 36 0x0p+0 0x0p+0 0x0p+0 0x0p+0 0x0p+0 0x0p+0 0x0p+0 0x0p+0 0x0p+0 0x0p+0 0x1.5afa4ap+6 0x1.5afa4ap+6 0x1.174794p+0 0x1.174794p+0 0x1p+0 0x1p+0
ROW 37 0x0p+0 0x0p+0 0x0p+0 0x0p+0 0x0p+0 0x0p+0 0x0p+0 0x0p+0 0x0p+0 0x0p+0 0x1.10c4d8p+6 0x1.10c4d8p+6 0x1.190648p+0 0x1.190648p+0 0x1p+0 0x1p+0
ROW 38 0x0p+0 0x0p+0 0x0p+0 0x0p+0 0x0p+0 0x0p+0 0x0p+0 0x0p+0 0x0p+0 0x0p+0 0x1.ab68acp+5 0x1.ab68acp+5 0x1.1a15b4p+0 0x1.1a15b4p+0 0x1p+0 0x1p+0
END ice
BEGIN ice 4 1 19748 39 0x1.4p+4
ROW 0 0x0p+0 0x0p+0 0x0p+0 0x0p+0 0x0p+0 0x0p+0 0x0p+0 0x0p+0 0x0p+0 0x0p+0 0x1.44634p+9 0x1.44634p+9 0x1.68caa6p-4 0x1.68caa6p-4 0x1p+0 0x1p+0
ROW 1 0x0p+0 0x0p+0 0x0p+0 0x0p+0 0x0p+0 0x0p+0 0x0p+0 0x0p+0 0x0p+0 0x0p+0 0x1.44354p+9 0x1.44354p+9 0x1.916e64p-4 0x1.916e64p-4 0x1p+0 0x1p+0
ROW 2 0x0p+0 0x0p+0 0x0p+0 0x0p+0 0x0p+0 0x0p+0 0x0p+0 0x0p+0 0x0p+0 0x0p+0 0x1.4474p+9 0x1.4474p+9 0x1.be0f6cp-4 0x1.be0f6cp-4 0x1p+0 0x1p+0
ROW 3 0x0p+0 0x0p+0 0x0p+0 0x0p+0 0x0p+0 0x0p+0 0x0p+0 0x0p+0 0x0p+0 0x0p+0 0x1.4519p+9 0x1.4519p+9 0x1.ef0b96p-4 0x1.ef0b96p-4 0x1p+0 0x1p+0
ROW 4 0x0p+0 0x0p+0 0x0p+0 0x0p+0 0x0p+0 0x0p+0 0x0p+0 0x0p+0 0x0p+0 0x0p+0 0x1.46158p+9 0x1.46158p+9 0x1.126ad2p-3 0x1.126ad2p-3 0x1p+0 0x1p+0
ROW 5 0x0p+0 0x0p+0 0x0p+0 0x0p+0 0x0p+0 0x0p+0 0x0p+0 0x0p+0 0x0p+0 0x0p+0 0x1.475ep+9 0x1.475ep+9 0x1.2ff5c4p-3 0x1.2ff5c4p-3 0x1p+0 0x1p+0
ROW 6 0x0p+0 0x0p+0 0x0p+0 0x0p+0 0x0p+0 0x0p+0 0x0p+0 0x0p+0 0x0p+0 0x0p+0 0x1.48f34p+9 0x1.48f34p+9 0x1.506208p-3 0x1.506208p-3 0x1p+0 0x1p+0
ROW 7 0x1.b8323p-120 0x1.f54p-138 0x1.af00cp-131 0x0p+0 0x1.b7fc5p-120 0x0p+0 0x0p+0 0x0p+0 0x0p+0 0x0p+0 0x1.4aa36p+9 0x1.4aa36p+9 0x1.7427ccp-3 0x1.7427ccp-3 0x1p+0 0x1p+0
ROW 8 0x1.4d27ccp-94 0x1.8c199p-112 0x1.3450cp-105 0x1.83964p-131 0x1.4d0142p-94 0x0p+0 0x0p+0 0x0p+0 0x0p+0 0x0p+0 0x1.4cd5ep+9 0x1.4cd5ep+9 0x1.9b1c7cp-3 0x1.9b1c7cp-3 0x1p+0 0x1p+0
ROW 9 0x1.093a96p-99 0x1.488828p-117 0x1.cfa686p-111 0x1.1541eap-105 0x1.0d72a4p-99 0x0p+0 0x0p+0 0x0p+0 0x0p+0 0x0p+0 0x1.4f884p+9 0x1.4f884p+9 0x1.c57d2ep-3 0x1.c57d2ep-3 0x1p+0 0x1p+0
ROW 10 0x1.90e58ap-78 0x1.021d24p-95 0x1.4ab618p-89 0x1.a0f248p-111 0x1.90bc34p-78 0x1.2a03c4p-40 0x1.89587cp-58 0x1.ebae9cp-54 0x0p+0 0x1.29fc16p-40 0x1.52bep+9 0x1.52bep+9 0x1.f381f8p-3 0x1.f381f8p-3 0x1p+0 0x1p+0
ROW 11 0x1.2cb6ccp-76 0x1.911884p-94 0x1.d3b062p-88 0x1.29672cp-89 0x1.2ca2dcp-76 0x1.4fed82p-40 0x1.a1f6e6p-58 0x1.053a5p-53 0x1.e5dba6p-54 0x1.4fecfp-40 0x1.56cd8p+9 0x1.56cd8p+9 0x1.126f96p-2 0x1.126f96p-2 0x1p+0 0x1p+0
ROW 12 0x1.c1a38cp-66 0x1.35a87cp-83 0x1.494516p-77 0x1.a49722p-88 0x1.c17a6ap-66 0x1.3d262cp-24 0x1.7398b6p-42 0x1.d07ee4p-38 0x1.019beep-53 0x1.3d1eeap-24 0x1.5b9e4p+9 0x1.5b9e4p+9 0x1.2cf0bep-2 0x1.2cf0bep-2 0x1p+0 0x1p+0
ROW 13 0x1.2aa54p-39 0x1.4b91b6p-49 0x1.422d9ep-43 0x1.281eep-77 0x1.168266p-39 0x1.86d89p-13 0x1.5150aap-23 0x1.a5a4d4p-19 0x1.c922e8p-38 0x1.8041fcp-13 0x1.6136ep+9 0x1.6136ep+9 0x1.4953d8p-2 0x1.4953d8p-2 0x1p+0 0x1p+0
ROW 14 0x1.9dd2ecp-35 0x1.d7d6f2p-45 0x1.a3bcc6p-39 0x1.21d9a4p-43 0x1.84b8fap-35 0x0p+0 0x0p+0 0x0p+0 0x1.9e5848p-19 0x1.9e5848p-19 0x1.676fcp+9 0x1.676fcp+9 0x1.67b8c8p-2 0x1.67b8c8p-2 0x1p+0 0x1p+0
ROW 15 0x1.db35ep-18 0x1.41a376p-30 0x1.06630ep-24 0x1.7cd536p-39 0x1.d71c6p-18 0x1.a9dd7p+18 0x1.7839b6p+5 0x1.d64824p+9 0x0p+0 0x1.a8f24cp+18 0x1.6b4aep+9 0x1.6b4aep+9 0x1.8842fap-2 0x1.8842fap-2 0x1p+0 0x1p+0
ROW 16 0x1.06c354p-16 0x1.80f27ap-28 0x1.20a582p-22 0x1.de295cp-25 0x1.032fd2p-16 0x1.bea5d6p+16 0x1.888416p+4 0x1.eaa51cp+8 0x1.d23274p+9 0x1.c05f94p+16 0x1.6e79cp+9 0x1.6e79cp+9 0x1.aac2d4p-2 0x1.aac2d4p-2 0x1p+0 0x1p+0
ROW 17 0x1.c8005ap-17 0x1.2cfc6ep-27 0x1.a0d334p-22 0x1.072fe2p-22 0x1.c3334p-17 0x1.36ed0ep+14 0x1.c6bdd6p+2 0x1.1c36a6p+7 0x1.e47474p+8 0x1.3c4672p+14 0x1.73288p+9 0x1.73288p+9 0x1.ce2392p-2 0x1.ce2392p-2 0x1p+0 0x1p+0
ROW 18 0x1.12ec4ap-22 0x1.60ae8ep-32 0x1.c3aea2p-27 0x1.7c341cp-22 0x1.408178p-21 0x1.69d42ap+4 0x1.db920cp-7 0x1.293b48p-2 0x1.1853acp+7 0x1.44f994p+7 0x1.784dep+9 0x1.784dep+9 0x1.f3b954p-2 0x1.f3b954p-2 0x1p+0 0x1p+0
ROW 19 0x1.1a81aap-25 0x1.75b2dep-35 0x1.b8f828p-30 0x1.9bed44p-27 0x1.73b538p-25 0x1.8b74c8p+0 0x1.edd1dp-11 0x1.34a322p-6 0x1.26339ep-2 0x1.d02f24p+0 0x1.7c2ep+9 0x1.7c2ep+9 0x1.0f2ef6p-1 0x1.0f2ef6p-1 0x1p+0 0x1p+0
ROW 20 0x1.c678ccp-33 0x1.3bfc02p-43 0x1.566f64p-38 0x1.91d9b6p-30 0x1.c9526p-30 0x1.bcfa0ep-2 0x1.0c3982p-13 0x1.4f47e2p-9 0x1.32406ep-6 0x1.cd7f84p-2 0x1.7f242p+9 0x1.7f242p+9 0x1.27484p-1 0x1.27484p-1 0x1p+0 0x1p+0
ROW 21 0x1.1b4aeap-41 0x1.2c0ff8p-54 0x1.2ca004p-49 0x1.559972p-38 0x1.78dd3cp-38 0x1.dfacc4p-3 0x1.9737c6p-17 0x1.fd05b8p-13 0x1.69c818p-9 0x1.e4d4a2p-3 0x1.63136p+9 0x1.63136p+9 0x1.3f66acp-1 0x1.3f66acp-1 0x1p+0 0x1p+0
ROW 22 0x0p+0 0x0p+0 0x0p+0 0x1.310888p-49 0x1.310888p-49 0x1.ccbbaap-14 0x1.7bf192p-32 0x1.daedf6p-28 0x1.140552p-12 0x1.873262p-12 0x1.4767dp+9 0x1.4767dp+9 0x1.556382p-1 0x1.556382p-1 0x1p+0 0x1p+0
ROW 23 0x1.490d3cp-50 0x1.3c61a6p-59 0x1.17396cp-54 0x0p+0 0x1.3799a6p-50 0x1.0d907ap-30 0x1.6dfdfp-41 0x1.c97d6cp-37 0x1.01a7aep-27 0x1.22e75ep-27 0x1.2dbfep+9 0x1.2dbfep+9 0x1.6a9552p-1 0x1.6a9552p-1 0x1p+0 0x1p+0
ROW 24 0x1.da1a14p-51 0x1.45462p-67 0x1.0eff36p-62 0x1.1e64ecp-54 0x1.fdc4d2p-51 0x1.05bfdp-18 0x1.dec578p-37 0x1.2b3b6cp-32 0x1.f1128ap-37 0x1.05bb62p-18 0x1.15b888p+9 0x1.15b888p+9 0x1.801776p-1 0x1.801776p-1 0x1p+0 0x1p+0
ROW 25 0x1.1db456p-115 0x1.b633p-132 0x1.598198p-127 0x1.16fdf2p-62 0x1.16fdf2p-62 0x0p+0 0x0p+0 0x0p+0 0x1.4582f4p-32 0x1.4582f4p-32 0x1.fe997p+8 0x1.fe997p+8 0x1.95d9a2p-1 0x1.95d9a2p-1 0x1p+0 0x1p+0
ROW 26 0x1.5dp-141 0x0p+0 0x0p+0 0x1.653408p-127 0x1.65397cp-127 0x0p+0 0x0p+0 0x0p+0 0x0p+0 0x0p+0 0x1.d6decp+8 0x1.d6decp+8 0x1.a9ae96p-1 0x1.a9ae96p-1 0x1p+0 0x1p+0
ROW 27 0x1.2p-145 0x0p+0 0x0p+0 0x0p+0 0x1.2p-145 0x0p+0 0x0p+0 0x0p+0 0x0p+0 0x0p+0 0x1.ac8bdp+8 0x1.ac8bdp+8 0x1.bbf90ep-1 0x1.bbf90ep-1 0x1p+0 0x1p+0
ROW 28 0x0p+0 0x0p+0 0x0p+0 0x0p+0 0x0p+0 0x0p+0 0x0p+0 0x0p+0 0x0p+0 0x0p+0 0x1.7e6c2p+8 0x1.7e6c2p+8 0x1.ccc096p-1 0x1.ccc096p-1 0x1p+0 0x1p+0
ROW 29 0x0p+0 0x0p+0 0x0p+0 0x0p+0 0x0p+0 0x0p+0 0x0p+0 0x0p+0 0x0p+0 0x0p+0 0x1.4e875p+8 0x1.4e875p+8 0x1.dbdc22p-1 0x1.dbdc22p-1 0x1p+0 0x1p+0
ROW 30 0x0p+0 0x0p+0 0x0p+0 0x0p+0 0x0p+0 0x0p+0 0x0p+0 0x0p+0 0x0p+0 0x0p+0 0x1.1eb0a8p+8 0x1.1eb0a8p+8 0x1.ea0f92p-1 0x1.ea0f92p-1 0x1p+0 0x1p+0
ROW 31 0x0p+0 0x0p+0 0x0p+0 0x0p+0 0x0p+0 0x0p+0 0x0p+0 0x0p+0 0x0p+0 0x0p+0 0x1.e1e41p+7 0x1.e1e41p+7 0x1.f75984p-1 0x1.f75984p-1 0x1p+0 0x1p+0
ROW 32 0x0p+0 0x0p+0 0x0p+0 0x0p+0 0x0p+0 0x0p+0 0x0p+0 0x0p+0 0x0p+0 0x0p+0 0x1.8ea13p+7 0x1.8ea13p+7 0x1.01518ep+0 0x1.01518ep+0 0x1p+0 0x1p+0
ROW 33 0x0p+0 0x0p+0 0x0p+0 0x0p+0 0x0p+0 0x0p+0 0x0p+0 0x0p+0 0x0p+0 0x0p+0 0x1.45295p+7 0x1.45295p+7 0x1.062638p+0 0x1.062638p+0 0x1p+0 0x1p+0
ROW 34 0x0p+0 0x0p+0 0x0p+0 0x0p+0 0x0p+0 0x0p+0 0x0p+0 0x0p+0 0x0p+0 0x0p+0 0x1.05f0ep+7 0x1.05f0ep+7 0x1.0a81c4p+0 0x1.0a81c4p+0 0x1p+0 0x1p+0
ROW 35 0x0p+0 0x0p+0 0x0p+0 0x0p+0 0x0p+0 0x0p+0 0x0p+0 0x0p+0 0x0p+0 0x0p+0 0x1.a2626p+6 0x1.a2626p+6 0x1.0dc504p+0 0x1.0dc504p+0 0x1p+0 0x1p+0
ROW 36 0x0p+0 0x0p+0 0x0p+0 0x0p+0 0x0p+0 0x0p+0 0x0p+0 0x0p+0 0x0p+0 0x0p+0 0x1.4b433p+6 0x1.4b433p+6 0x1.10aa6p+0 0x1.10aa6p+0 0x1p+0 0x1p+0
ROW 37 0x0p+0 0x0p+0 0x0p+0 0x0p+0 0x0p+0 0x0p+0 0x0p+0 0x0p+0 0x0p+0 0x0p+0 0x1.04a69p+6 0x1.04a69p+6 0x1.12fd32p+0 0x1.12fd32p+0 0x1p+0 0x1p+0
ROW 38 0x0p+0 0x0p+0 0x0p+0 0x0p+0 0x0p+0 0x0p+0 0x0p+0 0x0p+0 0x0p+0 0x0p+0 0x1.984p+5 0x1.984p+5 0x1.14c27p+0 0x1.14c27p+0 0x1p+0 0x1p+0
END ice
